Archive member included to satisfy reference by file (symbol)

app/libapp.a(main.c.obj)      (--whole-archive)
zephyr/libzephyr.a(cbprintf_packaged.c.obj)
                              (--whole-archive)
zephyr/libzephyr.a(dec.c.obj)
                              (--whole-archive)
zephyr/libzephyr.a(hex.c.obj)
                              (--whole-archive)
zephyr/libzephyr.a(printk.c.obj)
                              (--whole-archive)
zephyr/libzephyr.a(rb.c.obj)  (--whole-archive)
zephyr/libzephyr.a(sem.c.obj)
                              (--whole-archive)
zephyr/libzephyr.a(thread_entry.c.obj)
                              (--whole-archive)
zephyr/libzephyr.a(timeutil.c.obj)
                              (--whole-archive)
zephyr/libzephyr.a(heap.c.obj)
                              (--whole-archive)
zephyr/libzephyr.a(heap-validate.c.obj)
                              (--whole-archive)
zephyr/libzephyr.a(bitarray.c.obj)
                              (--whole-archive)
zephyr/libzephyr.a(multi_heap.c.obj)
                              (--whole-archive)
zephyr/libzephyr.a(onoff.c.obj)
                              (--whole-archive)
zephyr/libzephyr.a(notify.c.obj)
                              (--whole-archive)
zephyr/libzephyr.a(cbprintf_complete.c.obj)
                              (--whole-archive)
zephyr/libzephyr.a(assert.c.obj)
                              (--whole-archive)
zephyr/libzephyr.a(reboot.c.obj)
                              (--whole-archive)
zephyr/libzephyr.a(configs.c.obj)
                              (--whole-archive)
zephyr/libzephyr.a(mem_attr.c.obj)
                              (--whole-archive)
zephyr/libzephyr.a(tracing_none.c.obj)
                              (--whole-archive)
zephyr/libzephyr.a(nrf_cc3xx_platform_abort_zephyr.c.obj)
                              (--whole-archive)
zephyr/libzephyr.a(nrf_cc3xx_platform_mutex_zephyr.c.obj)
                              (--whole-archive)
zephyr/arch/common/libarch__common.a(sw_isr_common.c.obj)
                              (--whole-archive)
zephyr/arch/arch/arm/core/libarch__arm__core.a(fatal.c.obj)
                              (--whole-archive)
zephyr/arch/arch/arm/core/libarch__arm__core.a(nmi.c.obj)
                              (--whole-archive)
zephyr/arch/arch/arm/core/libarch__arm__core.a(nmi_on_reset.S.obj)
                              (--whole-archive)
zephyr/arch/arch/arm/core/libarch__arm__core.a(tls.c.obj)
                              (--whole-archive)
zephyr/arch/arch/arm/core/cortex_m/libarch__arm__core__cortex_m.a(exc_exit.S.obj)
                              (--whole-archive)
zephyr/arch/arch/arm/core/cortex_m/libarch__arm__core__cortex_m.a(fault.c.obj)
                              (--whole-archive)
zephyr/arch/arch/arm/core/cortex_m/libarch__arm__core__cortex_m.a(fault_s.S.obj)
                              (--whole-archive)
zephyr/arch/arch/arm/core/cortex_m/libarch__arm__core__cortex_m.a(fpu.c.obj)
                              (--whole-archive)
zephyr/arch/arch/arm/core/cortex_m/libarch__arm__core__cortex_m.a(reset.S.obj)
                              (--whole-archive)
zephyr/arch/arch/arm/core/cortex_m/libarch__arm__core__cortex_m.a(scb.c.obj)
                              (--whole-archive)
zephyr/arch/arch/arm/core/cortex_m/libarch__arm__core__cortex_m.a(thread_abort.c.obj)
                              (--whole-archive)
zephyr/arch/arch/arm/core/cortex_m/libarch__arm__core__cortex_m.a(vector_table.S.obj)
                              (--whole-archive)
zephyr/arch/arch/arm/core/cortex_m/libarch__arm__core__cortex_m.a(swap.c.obj)
                              (--whole-archive)
zephyr/arch/arch/arm/core/cortex_m/libarch__arm__core__cortex_m.a(swap_helper.S.obj)
                              (--whole-archive)
zephyr/arch/arch/arm/core/cortex_m/libarch__arm__core__cortex_m.a(irq_manage.c.obj)
                              (--whole-archive)
zephyr/arch/arch/arm/core/cortex_m/libarch__arm__core__cortex_m.a(prep_c.c.obj)
                              (--whole-archive)
zephyr/arch/arch/arm/core/cortex_m/libarch__arm__core__cortex_m.a(thread.c.obj)
                              (--whole-archive)
zephyr/arch/arch/arm/core/cortex_m/libarch__arm__core__cortex_m.a(cpu_idle.S.obj)
                              (--whole-archive)
zephyr/arch/arch/arm/core/cortex_m/libarch__arm__core__cortex_m.a(irq_init.c.obj)
                              (--whole-archive)
zephyr/arch/arch/arm/core/cortex_m/libarch__arm__core__cortex_m.a(isr_wrapper.S.obj)
                              (--whole-archive)
zephyr/arch/arch/arm/core/cortex_m/libarch__arm__core__cortex_m.a(__aeabi_read_tp.S.obj)
                              (--whole-archive)
zephyr/arch/arch/arm/core/mpu/libarch__arm__core__mpu.a(arm_core_mpu.c.obj)
                              (--whole-archive)
zephyr/arch/arch/arm/core/mpu/libarch__arm__core__mpu.a(arm_mpu.c.obj)
                              (--whole-archive)
[...]
Memory Configuration

Name             Origin             Length             Attributes
FLASH            0x0000000000000000 0x0000000000100000 xr
RAM              0x0000000020000000 0x0000000000040000 xw
IDT_LIST         0x00000000ffff7fff 0x0000000000008000 xw
*default*        0x0000000000000000 0xffffffffffffffff

Linker script and memory map

                0x0000000000007e60                vfprintf = __l_vfprintf
                0x0000000000000000                vfscanf = __l_vfscanf
LOAD zephyr/CMakeFiles/zephyr_final.dir/misc/empty_file.c.obj
LOAD zephyr/CMakeFiles/zephyr_final.dir/isr_tables.c.obj
LOAD zephyr/CMakeFiles/offsets.dir/./arch/arm/core/offsets/offsets.c.obj
LOAD app/libapp.a
LOAD zephyr/libzephyr.a
LOAD zephyr/arch/common/libarch__common.a
LOAD zephyr/arch/arch/arm/core/libarch__arm__core.a
LOAD zephyr/arch/arch/arm/core/cortex_m/libarch__arm__core__cortex_m.a
LOAD zephyr/arch/arch/arm/core/mpu/libarch__arm__core__mpu.a
LOAD zephyr/lib/libc/picolibc/liblib__libc__picolibc.a
LOAD zephyr/lib/libc/common/liblib__libc__common.a
LOAD zephyr/soc/soc/arm/nordic_nrf/libsoc__arm__nordic_nrf.a
LOAD zephyr/subsys/random/libsubsys__random.a
LOAD zephyr/drivers/adc/libdrivers__adc.a
LOAD zephyr/drivers/clock_control/libdrivers__clock_control.a
LOAD zephyr/drivers/console/libdrivers__console.a
LOAD zephyr/drivers/entropy/libdrivers__entropy.a
LOAD zephyr/drivers/gpio/libdrivers__gpio.a
LOAD zephyr/drivers/pinctrl/libdrivers__pinctrl.a
LOAD zephyr/drivers/serial/libdrivers__serial.a
LOAD zephyr/drivers/timer/libdrivers__timer.a
LOAD modules/nrf/lib/fatal_error/lib..__nrf__lib__fatal_error.a
LOAD modules/nrf/drivers/hw_cc3xx/lib..__nrf__drivers__hw_cc3xx.a
LOAD modules/hal_nordic/nrfx/libmodules__hal_nordic__nrfx.a
LOAD modules/segger/libmodules__segger.a
LOAD zephyr/kernel/libkernel.a
LOAD /home/andre/ncs/toolchains/2be090971e/opt/zephyr-sdk/arm-zephyr-eabi/bin/../lib/gcc/arm-zephyr-eabi/12.2.0/thumb/v7e-m/nofp/libgcc.a
LOAD zephyr/arch/common/libisr_tables.a
LOAD /home/andre/ncs/v2.6.1/nrfxlib/crypto/nrf_cc310_platform/lib/cortex-m4/soft-float/no-interrupts/libnrf_cc310_platform_0.9.19.a
LOAD /home/andre/ncs/toolchains/2be090971e/opt/zephyr-sdk/arm-zephyr-eabi/bin/../lib/gcc/../../picolibc/arm-zephyr-eabi/lib/thumb/v7e-m/nofp/libc.a
LOAD /home/andre/ncs/toolchains/2be090971e/opt/zephyr-sdk/arm-zephyr-eabi/bin/../lib/gcc/arm-zephyr-eabi/12.2.0/thumb/v7e-m/nofp/libgcc.a
                0x0000000000000020                _region_min_align = 0x20

.rel.plt        0x0000000000000000        0x0
 *(SORT_BY_ALIGNMENT(.rel.plt))
                [!provide]                        PROVIDE (__rel_iplt_start = .)
 *(SORT_BY_ALIGNMENT(.rel.iplt))
 .rel.iplt      0x0000000000000000        0x0 zephyr/CMakeFiles/zephyr_final.dir/isr_tables.c.obj
                [!provide]                        PROVIDE (__rel_iplt_end = .)

.rela.plt       0x0000000000000000        0x0
 *(SORT_BY_ALIGNMENT(.rela.plt))
                [!provide]                        PROVIDE (__rela_iplt_start = .)
 *(SORT_BY_ALIGNMENT(.rela.iplt))
                [!provide]                        PROVIDE (__rela_iplt_end = .)

.rel.dyn
 *(SORT_BY_ALIGNMENT(.rel.*))

.rela.dyn
 *(SORT_BY_ALIGNMENT(.rela.*))

/DISCARD/
 *(SORT_BY_ALIGNMENT(.plt))

/DISCARD/
 *(SORT_BY_ALIGNMENT(.iplt))
                0x0000000000000000                __rom_region_start = 0x0

rom_start       0x0000000000000000      0x100
                0x0000000000000000                __rom_start_address = .
 FILL mask 0x00
                0x0000000000000000                . = (. + (0x0 - (. - __rom_start_address)))
                0x0000000000000000                . = ALIGN (0x4)
                0x0000000000000000                . = ALIGN (0x80)
                0x0000000000000000                . = ALIGN (0x100)
                0x0000000000000000                _vector_start = .
 *(SORT_BY_ALIGNMENT(.exc_vector_table))
 *(SORT_BY_ALIGNMENT(.exc_vector_table.*))
 .exc_vector_table._vector_table_section
                0x0000000000000000       0x40 zephyr/arch/arch/arm/core/cortex_m/libarch__arm__core__cortex_m.a(vector_table.S.obj)
                0x0000000000000000                _vector_table
 *(SORT_BY_ALIGNMENT(.vectors))
                0x0000000000000100                _vector_end = .
                0x0000000000000040                . = ALIGN (0x4)
 *(SORT_BY_ALIGNMENT(.gnu.linkonce.irq_vector_table*))
 .gnu.linkonce.irq_vector_table
                0x0000000000000040       0xc0 zephyr/CMakeFiles/zephyr_final.dir/isr_tables.c.obj
                0x0000000000000040                _irq_vector_table
                0x0000000000000100                _vector_end = .

text            0x0000000000000100     0x93dc
                0x0000000000000100                __text_region_start = .
 *(SORT_BY_ALIGNMENT(.text))
 .text          0x0000000000000100      0x21c /home/andre/ncs/toolchains/2be090971e/opt/zephyr-sdk/arm-zephyr-eabi/bin/../lib/gcc/arm-zephyr-eabi/12.2.0/thumb/v7e-m/nofp/libgcc.a(_arm_addsubsf3.o)
                0x0000000000000100                __aeabi_frsub
                0x0000000000000108                __subsf3
                0x0000000000000108                __aeabi_fsub
                0x000000000000010c                __aeabi_fadd
                0x000000000000010c                __addsf3
                0x000000000000026c                __aeabi_ui2f
                0x000000000000026c                __floatunsisf
                0x0000000000000274                __aeabi_i2f
                0x0000000000000274                __floatsisf
                0x0000000000000290                __floatundisf
                0x0000000000000290                __aeabi_ul2f
                0x00000000000002a0                __floatdisf
                0x00000000000002a0                __aeabi_l2f
 .text          0x000000000000031c      0x2a0 /home/andre/ncs/toolchains/2be090971e/opt/zephyr-sdk/arm-zephyr-eabi/bin/../lib/gcc/arm-zephyr-eabi/12.2.0/thumb/v7e-m/nofp/libgcc.a(_arm_muldivsf3.o)
                0x000000000000031c                __mulsf3
                0x000000000000031c                __aeabi_fmul
                0x0000000000000484                __divsf3
                0x0000000000000484                __aeabi_fdiv
 .text          0x00000000000005bc       0x4c /home/andre/ncs/toolchains/2be090971e/opt/zephyr-sdk/arm-zephyr-eabi/bin/../lib/gcc/arm-zephyr-eabi/12.2.0/thumb/v7e-m/nofp/libgcc.a(_arm_fixsfsi.o)
                0x00000000000005bc                __fixsfsi
                0x00000000000005bc                __aeabi_f2iz
 .text          0x0000000000000608       0x30 /home/andre/ncs/toolchains/2be090971e/opt/zephyr-sdk/arm-zephyr-eabi/bin/../lib/gcc/arm-zephyr-eabi/12.2.0/thumb/v7e-m/nofp/libgcc.a(_aeabi_uldivmod.o)
                0x0000000000000608                __aeabi_uldivmod
 .text          0x0000000000000638        0x4 /home/andre/ncs/toolchains/2be090971e/opt/zephyr-sdk/arm-zephyr-eabi/bin/../lib/gcc/arm-zephyr-eabi/12.2.0/thumb/v7e-m/nofp/libgcc.a(_dvmd_tls.o)
                0x0000000000000638                __aeabi_ldiv0
                0x0000000000000638                __aeabi_idiv0
 .text          0x000000000000063c      0x2a0 /home/andre/ncs/toolchains/2be090971e/opt/zephyr-sdk/arm-zephyr-eabi/bin/../lib/gcc/arm-zephyr-eabi/12.2.0/thumb/v7e-m/nofp/libgcc.a(_udivmoddi4.o)
                0x000000000000063c                __udivmoddi4
 .text          0x00000000000008dc       0x10 /home/andre/ncs/toolchains/2be090971e/opt/zephyr-sdk/arm-zephyr-eabi/bin/../lib/gcc/../../picolibc/arm-zephyr-eabi/lib/thumb/v7e-m/nofp/libc.a(strlen.S.o)
                0x00000000000008dc                strlen
 *(SORT_BY_ALIGNMENT(.text.*))
 .text.k_mutex_lock.constprop.0.isra.0
                0x00000000000008ec       0x10 app/libapp.a(main.c.obj)
 .text.k_mutex_unlock.constprop.0.isra.0
                0x00000000000008fc        0xc app/libapp.a(main.c.obj)
 .text.sensor_reading_thread
                0x0000000000000908       0x68 app/libapp.a(main.c.obj)
                0x0000000000000908                sensor_reading_thread
 .text.button_thread
                0x0000000000000970       0x84 app/libapp.a(main.c.obj)
                0x0000000000000970                button_thread
 .text.led_thread
                0x00000000000009f4       0x80 app/libapp.a(main.c.obj)
                0x00000000000009f4                led_thread
 .text.database_thread
                0x0000000000000a74       0x40 app/libapp.a(main.c.obj)
                0x0000000000000a74                database_thread
 .text.data_processing_thread
                0x0000000000000ab4       0x74 app/libapp.a(main.c.obj)
                0x0000000000000ab4                data_processing_thread
 .text.uart_callback
                0x0000000000000b28      0x12c app/libapp.a(main.c.obj)
                0x0000000000000b28                uart_callback
 .text.main     0x0000000000000c54      0x1c4 app/libapp.a(main.c.obj)
                0x0000000000000c54                main
 .text.char_out
                0x0000000000000e18        0xc zephyr/libzephyr.a(printk.c.obj)
 .text.__printk_hook_install
                0x0000000000000e24        0xc zephyr/libzephyr.a(printk.c.obj)
                0x0000000000000e24                __printk_hook_install
 .text.vprintk  0x0000000000000e30       0x30 zephyr/libzephyr.a(printk.c.obj)
                0x0000000000000e30                vprintk
 .text.z_thread_entry
                0x0000000000000e60       0x34 zephyr/libzephyr.a(thread_entry.c.obj)
                0x0000000000000e60                z_thread_entry
 .text.process_event
                0x0000000000000e94      0x21c zephyr/libzephyr.a(onoff.c.obj)
 .text.sys_reboot
                0x00000000000010b0       0x30 zephyr/libzephyr.a(reboot.c.obj)
                0x00000000000010b0                sys_reboot
 .text.mem_attr_get_regions
                0x00000000000010e0        0xc zephyr/libzephyr.a(mem_attr.c.obj)
                0x00000000000010e0                mem_attr_get_regions
 .text.nrf_cc3xx_platform_abort_init
                0x00000000000010ec        0xc zephyr/libzephyr.a(nrf_cc3xx_platform_abort_zephyr.c.obj)
                0x00000000000010ec                nrf_cc3xx_platform_abort_init
 .text.mutex_free_platform
                0x00000000000010f8       0x54 zephyr/libzephyr.a(nrf_cc3xx_platform_mutex_zephyr.c.obj)
 .text.mutex_lock_platform
                0x000000000000114c       0x60 zephyr/libzephyr.a(nrf_cc3xx_platform_mutex_zephyr.c.obj)
 .text.mutex_unlock_platform
                0x00000000000011ac       0x58 zephyr/libzephyr.a(nrf_cc3xx_platform_mutex_zephyr.c.obj)
 .text.mutex_init_platform
                0x0000000000001204       0x94 zephyr/libzephyr.a(nrf_cc3xx_platform_mutex_zephyr.c.obj)
 .text.nrf_cc3xx_platform_mutex_init
                0x0000000000001298       0x2c zephyr/libzephyr.a(nrf_cc3xx_platform_mutex_zephyr.c.obj)
                0x0000000000001298                nrf_cc3xx_platform_mutex_init
 .text.z_SysNmiOnReset
                0x00000000000012c4        0x8 zephyr/arch/arch/arm/core/libarch__arm__core.a(nmi_on_reset.S.obj)
                0x00000000000012c4                z_SysNmiOnReset
 .text.arch_tls_stack_setup
                0x00000000000012cc       0x5c zephyr/arch/arch/arm/core/libarch__arm__core.a(tls.c.obj)
                0x00000000000012cc                arch_tls_stack_setup
 .text._HandlerModeExit
                0x0000000000001328       0x1c zephyr/arch/arch/arm/core/cortex_m/libarch__arm__core__cortex_m.a(exc_exit.S.obj)
                0x0000000000001328                z_arm_exc_exit
                0x0000000000001328                z_arm_int_exit
 .text.mem_manage_fault
                0x0000000000001344       0xa0 zephyr/arch/arch/arm/core/cortex_m/libarch__arm__core__cortex_m.a(fault.c.obj)
 .text.usage_fault.constprop.0
                0x00000000000013e4       0x54 zephyr/arch/arch/arm/core/cortex_m/libarch__arm__core__cortex_m.a(fault.c.obj)
 .text.bus_fault.constprop.0
                0x0000000000001438       0x6c zephyr/arch/arch/arm/core/cortex_m/libarch__arm__core__cortex_m.a(fault.c.obj)
 .text.z_arm_fault
                0x00000000000014a4      0x128 zephyr/arch/arch/arm/core/cortex_m/libarch__arm__core__cortex_m.a(fault.c.obj)
                0x00000000000014a4                z_arm_fault
 .text.z_arm_fault_init
                0x00000000000015cc       0x10 zephyr/arch/arch/arm/core/cortex_m/libarch__arm__core__cortex_m.a(fault.c.obj)
                0x00000000000015cc                z_arm_fault_init
 .text.__fault  0x00000000000015dc       0x14 zephyr/arch/arch/arm/core/cortex_m/libarch__arm__core__cortex_m.a(fault_s.S.obj)
                0x00000000000015dc                z_arm_bus_fault
                0x00000000000015dc                z_arm_usage_fault
                0x00000000000015dc                z_arm_mpu_fault
                0x00000000000015dc                z_arm_exc_spurious
                0x00000000000015dc                z_arm_debug_monitor
                0x00000000000015dc                z_arm_hard_fault
 .text._reset_section
                0x00000000000015f0       0x54 zephyr/arch/arch/arm/core/cortex_m/libarch__arm__core__cortex_m.a(reset.S.obj)
                0x00000000000015f0                z_arm_reset
                0x00000000000015f0                __start
 .text.sys_arch_reboot
                0x0000000000001644       0x24 zephyr/arch/arch/arm/core/cortex_m/libarch__arm__core__cortex_m.a(scb.c.obj)
                0x0000000000001644                sys_arch_reboot
 .text.z_arm_clear_arm_mpu_config
                0x0000000000001668       0x24 zephyr/arch/arch/arm/core/cortex_m/libarch__arm__core__cortex_m.a(scb.c.obj)
                0x0000000000001668                z_arm_clear_arm_mpu_config
 .text.z_arm_init_arch_hw_at_boot
                0x000000000000168c       0x64 zephyr/arch/arch/arm/core/cortex_m/libarch__arm__core__cortex_m.a(scb.c.obj)
                0x000000000000168c                z_arm_init_arch_hw_at_boot
 .text.z_impl_k_thread_abort
                0x00000000000016f0       0x2c zephyr/arch/arch/arm/core/cortex_m/libarch__arm__core__cortex_m.a(thread_abort.c.obj)
                0x00000000000016f0                z_impl_k_thread_abort
 .text.arch_swap
                0x000000000000171c       0x30 zephyr/arch/arch/arm/core/cortex_m/libarch__arm__core__cortex_m.a(swap.c.obj)
                0x000000000000171c                arch_swap
 .text.z_arm_pendsv
                0x000000000000174c       0x64 zephyr/arch/arch/arm/core/cortex_m/libarch__arm__core__cortex_m.a(swap_helper.S.obj)
                0x000000000000174c                z_arm_pendsv
 .text.z_arm_svc
                0x00000000000017b0       0x20 zephyr/arch/arch/arm/core/cortex_m/libarch__arm__core__cortex_m.a(swap_helper.S.obj)
                0x00000000000017b0                z_arm_svc
 .text.arch_irq_enable
                0x00000000000017d0       0x1c zephyr/arch/arch/arm/core/cortex_m/libarch__arm__core__cortex_m.a(irq_manage.c.obj)
                0x00000000000017d0                arch_irq_enable
 .text.arch_irq_disable
                0x00000000000017ec       0x28 zephyr/arch/arch/arm/core/cortex_m/libarch__arm__core__cortex_m.a(irq_manage.c.obj)
                0x00000000000017ec                arch_irq_disable
 .text.arch_irq_is_enabled
                0x0000000000001814       0x1c zephyr/arch/arch/arm/core/cortex_m/libarch__arm__core__cortex_m.a(irq_manage.c.obj)
                0x0000000000001814                arch_irq_is_enabled
 .text.z_arm_irq_priority_set
                0x0000000000001830       0x30 zephyr/arch/arch/arm/core/cortex_m/libarch__arm__core__cortex_m.a(irq_manage.c.obj)
                0x0000000000001830                z_arm_irq_priority_set
 .text.z_arm_prep_c
                0x0000000000001860       0x38 zephyr/arch/arch/arm/core/cortex_m/libarch__arm__core__cortex_m.a(prep_c.c.obj)
                0x0000000000001860                z_arm_prep_c
 .text.arch_new_thread
                0x0000000000001898       0x38 zephyr/arch/arch/arm/core/cortex_m/libarch__arm__core__cortex_m.a(thread.c.obj)
                0x0000000000001898                arch_new_thread
 .text.z_check_thread_stack_fail
                0x00000000000018d0       0x2c zephyr/arch/arch/arm/core/cortex_m/libarch__arm__core__cortex_m.a(thread.c.obj)
                0x00000000000018d0                z_check_thread_stack_fail
 .text.arch_switch_to_main_thread
                0x00000000000018fc       0x38 zephyr/arch/arch/arm/core/cortex_m/libarch__arm__core__cortex_m.a(thread.c.obj)
                0x00000000000018fc                arch_switch_to_main_thread
 .text.z_arm_cpu_idle_init
                0x0000000000001934        0xc zephyr/arch/arch/arm/core/cortex_m/libarch__arm__core__cortex_m.a(cpu_idle.S.obj)
                0x0000000000001934                z_arm_cpu_idle_init
 .text.arch_cpu_idle
                0x0000000000001940       0x1c zephyr/arch/arch/arm/core/cortex_m/libarch__arm__core__cortex_m.a(cpu_idle.S.obj)
                0x0000000000001940                arch_cpu_idle
 .text.arch_cpu_atomic_idle
                0x000000000000195c       0x18 zephyr/arch/arch/arm/core/cortex_m/libarch__arm__core__cortex_m.a(cpu_idle.S.obj)
                0x000000000000195c                arch_cpu_atomic_idle
 .text.z_arm_interrupt_init
                0x0000000000001974       0x18 zephyr/arch/arch/arm/core/cortex_m/libarch__arm__core__cortex_m.a(irq_init.c.obj)
                0x0000000000001974                z_arm_interrupt_init
 .text._isr_wrapper
                0x000000000000198c       0x28 zephyr/arch/arch/arm/core/cortex_m/libarch__arm__core__cortex_m.a(isr_wrapper.S.obj)
                0x000000000000198c                _isr_wrapper
 .text.z_arm_configure_static_mpu_regions
                0x00000000000019b4       0x18 zephyr/arch/arch/arm/core/mpu/libarch__arm__core__mpu.a(arm_core_mpu.c.obj)
                0x00000000000019b4                z_arm_configure_static_mpu_regions
 .text.z_arm_configure_dynamic_mpu_regions
                0x00000000000019cc       0x20 zephyr/arch/arch/arm/core/mpu/libarch__arm__core__mpu.a(arm_core_mpu.c.obj)
                0x00000000000019cc                z_arm_configure_dynamic_mpu_regions
 .text.region_init
                0x00000000000019ec       0x28 zephyr/arch/arch/arm/core/mpu/libarch__arm__core__mpu.a(arm_mpu.c.obj)
 .text.arm_core_mpu_enable
                0x0000000000001a14       0x18 zephyr/arch/arch/arm/core/mpu/libarch__arm__core__mpu.a(arm_mpu.c.obj)
                0x0000000000001a14                arm_core_mpu_enable
 .text.arm_core_mpu_disable
                0x0000000000001a2c       0x14 zephyr/arch/arch/arm/core/mpu/libarch__arm__core__mpu.a(arm_mpu.c.obj)
                0x0000000000001a2c                arm_core_mpu_disable
 .text.arm_core_mpu_configure_static_mpu_regions
                0x0000000000001a40       0x14 zephyr/arch/arch/arm/core/mpu/libarch__arm__core__mpu.a(arm_mpu.c.obj)
                0x0000000000001a40                arm_core_mpu_configure_static_mpu_regions
 .text.arm_core_mpu_configure_dynamic_mpu_regions
                0x0000000000001a54       0x30 zephyr/arch/arch/arm/core/mpu/libarch__arm__core__mpu.a(arm_mpu.c.obj)
                0x0000000000001a54                arm_core_mpu_configure_dynamic_mpu_regions
 .text.z_arm_mpu_init
                0x0000000000001a84      0x124 zephyr/arch/arch/arm/core/mpu/libarch__arm__core__mpu.a(arm_mpu.c.obj)
                0x0000000000001a84                z_arm_mpu_init
 .text.z_impl_zephyr_fputc
                0x0000000000001ba8       0x10 zephyr/lib/libc/picolibc/liblib__libc__picolibc.a(libc-hooks.c.obj)
                0x0000000000001ba8                z_impl_zephyr_fputc
 .text.__stdout_hook_install
                0x0000000000001bb8       0x18 zephyr/lib/libc/picolibc/liblib__libc__picolibc.a(libc-hooks.c.obj)
                0x0000000000001bb8                __stdout_hook_install
 .text.malloc_prepare
                0x0000000000001bd0       0x24 zephyr/lib/libc/common/liblib__libc__common.a(malloc.c.obj)
 .text.nordicsemi_nrf52_init
                0x0000000000001bf4       0x44 zephyr/soc/soc/arm/nordic_nrf/libsoc__arm__nordic_nrf.a(soc.c.obj)
 .text.arch_busy_wait
                0x0000000000001c38       0x14 zephyr/soc/soc/arm/nordic_nrf/libsoc__arm__nordic_nrf.a(soc.c.obj)
                0x0000000000001c38                arch_busy_wait
 .text.z_arm_platform_init
                0x0000000000001c4c        0x4 zephyr/soc/soc/arm/nordic_nrf/libsoc__arm__nordic_nrf.a(soc_nrf_common.S.obj)
                0x0000000000001c4c                z_arm_platform_init
 .text.adc_context_start_sampling
                0x0000000000001c50       0x1c zephyr/drivers/adc/libdrivers__adc.a(adc_nrfx_saadc.c.obj)
 .text.adc_nrfx_channel_setup
                0x0000000000001c6c       0xd8 zephyr/drivers/adc/libdrivers__adc.a(adc_nrfx_saadc.c.obj)
 .text.adc_nrfx_read
                0x0000000000001d44      0x180 zephyr/drivers/adc/libdrivers__adc.a(adc_nrfx_saadc.c.obj)
 .text.init_saadc
                0x0000000000001ec4       0x44 zephyr/drivers/adc/libdrivers__adc.a(adc_nrfx_saadc.c.obj)
 .text.saadc_irq_handler
                0x0000000000001f08       0xcc zephyr/drivers/adc/libdrivers__adc.a(adc_nrfx_saadc.c.obj)
 .text.onoff_stop
                0x0000000000001fd4       0x30 zephyr/drivers/clock_control/libdrivers__clock_control.a(clock_control_nrf.c.obj)
 .text.onoff_start
                0x0000000000002004       0x44 zephyr/drivers/clock_control/libdrivers__clock_control.a(clock_control_nrf.c.obj)
 .text.clk_init
                0x0000000000002048       0x58 zephyr/drivers/clock_control/libdrivers__clock_control.a(clock_control_nrf.c.obj)
 .text.clkstarted_handle.constprop.0
                0x00000000000020a0       0x34 zephyr/drivers/clock_control/libdrivers__clock_control.a(clock_control_nrf.c.obj)
 .text.clock_event_handler
                0x00000000000020d4       0x1c zephyr/drivers/clock_control/libdrivers__clock_control.a(clock_control_nrf.c.obj)
 .text.generic_hfclk_start
                0x00000000000020f0       0x64 zephyr/drivers/clock_control/libdrivers__clock_control.a(clock_control_nrf.c.obj)
 .text.api_blocking_start
                0x0000000000002154       0x34 zephyr/drivers/clock_control/libdrivers__clock_control.a(clock_control_nrf.c.obj)
 .text.generic_hfclk_stop
                0x0000000000002188       0x34 zephyr/drivers/clock_control/libdrivers__clock_control.a(clock_control_nrf.c.obj)
 .text.z_nrf_clock_control_lf_on
                0x00000000000021bc       0xfc zephyr/drivers/clock_control/libdrivers__clock_control.a(clock_control_nrf.c.obj)
                0x00000000000021bc                z_nrf_clock_control_lf_on
 .text.uart_console_init
                0x00000000000022b8       0x28 zephyr/drivers/console/libdrivers__console.a(uart_console.c.obj)
 .text.console_out
                0x00000000000022e0       0x28 zephyr/drivers/console/libdrivers__console.a(uart_console.c.obj)
 .text.random_byte_get
                0x0000000000002308       0x3c zephyr/drivers/entropy/libdrivers__entropy.a(entropy_nrf5.c.obj)
 .text.rng_pool_get
                0x0000000000002344       0x8c zephyr/drivers/entropy/libdrivers__entropy.a(entropy_nrf5.c.obj)
 .text.entropy_nrf5_get_entropy_isr
                0x00000000000023d0       0xac zephyr/drivers/entropy/libdrivers__entropy.a(entropy_nrf5.c.obj)
 .text.entropy_nrf5_get_entropy
                0x000000000000247c       0x58 zephyr/drivers/entropy/libdrivers__entropy.a(entropy_nrf5.c.obj)
 .text.entropy_nrf5_init
                0x00000000000024d4       0x6c zephyr/drivers/entropy/libdrivers__entropy.a(entropy_nrf5.c.obj)
 .text.isr      0x0000000000002540       0x74 zephyr/drivers/entropy/libdrivers__entropy.a(entropy_nrf5.c.obj)
 .text.gpio_nrfx_pin_interrupt_configure
                0x00000000000025b4      0x100 zephyr/drivers/gpio/libdrivers__gpio.a(gpio_nrfx.c.obj)
 .text.gpio_nrfx_init
                0x00000000000026b4       0x48 zephyr/drivers/gpio/libdrivers__gpio.a(gpio_nrfx.c.obj)
 .text.nrfx_gpio_handler
                0x00000000000026fc       0x4c zephyr/drivers/gpio/libdrivers__gpio.a(gpio_nrfx.c.obj)
 .text.gpio_nrfx_pin_configure
                0x0000000000002748      0x18c zephyr/drivers/gpio/libdrivers__gpio.a(gpio_nrfx.c.obj)
 .text.nrf_gpio_pin_port_decode
                0x00000000000028d4       0x20 zephyr/drivers/pinctrl/libdrivers__pinctrl.a(pinctrl_nrf.c.obj)
 .text.pinctrl_configure_pins
                0x00000000000028f4      0x1a4 zephyr/drivers/pinctrl/libdrivers__pinctrl.a(pinctrl_nrf.c.obj)
                0x00000000000028f4                pinctrl_configure_pins
 .text.uarte_nrfx_tx
                0x0000000000002a98       0xb4 zephyr/drivers/serial/libdrivers__serial.a(uart_nrfx_uarte.c.obj)
 .text.uarte_0_init
                0x0000000000002b4c      0x2f4 zephyr/drivers/serial/libdrivers__serial.a(uart_nrfx_uarte.c.obj)
 .text.uarte_nrfx_poll_out
                0x0000000000002e40       0xc0 zephyr/drivers/serial/libdrivers__serial.a(uart_nrfx_uarte.c.obj)
 .text.uarte_nrfx_isr_async
                0x0000000000002f00      0x370 zephyr/drivers/serial/libdrivers__serial.a(uart_nrfx_uarte.c.obj)
 .text.compare_int_lock
                0x0000000000003270       0x48 zephyr/drivers/timer/libdrivers__timer.a(nrf_rtc_timer.c.obj)
 .text.sys_clock_timeout_handler
                0x00000000000032b8       0x48 zephyr/drivers/timer/libdrivers__timer.a(nrf_rtc_timer.c.obj)
 .text.compare_int_unlock
                0x0000000000003300       0x5c zephyr/drivers/timer/libdrivers__timer.a(nrf_rtc_timer.c.obj)
 .text.z_nrf_rtc_timer_read
                0x000000000000335c       0x44 zephyr/drivers/timer/libdrivers__timer.a(nrf_rtc_timer.c.obj)
                0x000000000000335c                z_nrf_rtc_timer_read
 .text.compare_set
                0x00000000000033a0      0x130 zephyr/drivers/timer/libdrivers__timer.a(nrf_rtc_timer.c.obj)
 .text.sys_clock_driver_init
                0x00000000000034d0       0x90 zephyr/drivers/timer/libdrivers__timer.a(nrf_rtc_timer.c.obj)
 .text.rtc_nrf_isr
                0x0000000000003560       0xd4 zephyr/drivers/timer/libdrivers__timer.a(nrf_rtc_timer.c.obj)
                0x0000000000003560                rtc_nrf_isr
 .text.sys_clock_set_timeout
                0x0000000000003634       0x5c zephyr/drivers/timer/libdrivers__timer.a(nrf_rtc_timer.c.obj)
                0x0000000000003634                sys_clock_set_timeout
 .text.sys_clock_elapsed
                0x0000000000003690       0x14 zephyr/drivers/timer/libdrivers__timer.a(nrf_rtc_timer.c.obj)
                0x0000000000003690                sys_clock_elapsed
 .text.sys_clock_disable
                0x00000000000036a4       0x30 zephyr/drivers/timer/libdrivers__timer.a(nrf_rtc_timer.c.obj)
                0x00000000000036a4                sys_clock_disable
 .text.nrf52_errata_98
                0x00000000000036d4       0x24 modules/hal_nordic/nrfx/libmodules__hal_nordic__nrfx.a(system_nrf52840.c.obj)
 .text.nvmc_wait
                0x00000000000036f8       0x10 modules/hal_nordic/nrfx/libmodules__hal_nordic__nrfx.a(system_nrf52840.c.obj)
                0x00000000000036f8                nvmc_wait
 .text.SystemInit
                0x0000000000003708      0x1bc modules/hal_nordic/nrfx/libmodules__hal_nordic__nrfx.a(system_nrf52840.c.obj)
                0x0000000000003708                SystemInit
 .text.nrfx_flag32_alloc
                0x00000000000038c4       0x48 modules/hal_nordic/nrfx/libmodules__hal_nordic__nrfx.a(nrfx_flag32_allocator.c.obj)
                0x00000000000038c4                nrfx_flag32_alloc
 .text.nrfx_flag32_free
                0x000000000000390c       0x40 modules/hal_nordic/nrfx/libmodules__hal_nordic__nrfx.a(nrfx_flag32_allocator.c.obj)
                0x000000000000390c                nrfx_flag32_free
 .text.nrfx_gppi_channels_enable
                0x000000000000394c        0xc modules/hal_nordic/nrfx/libmodules__hal_nordic__nrfx.a(nrfx_gppi_ppi.c.obj)
                0x000000000000394c                nrfx_gppi_channels_enable
 .text.clock_stop
                0x0000000000003958       0xc4 modules/hal_nordic/nrfx/libmodules__hal_nordic__nrfx.a(nrfx_clock.c.obj)
 .text.nrfx_clock_init
                0x0000000000003a1c       0x20 modules/hal_nordic/nrfx/libmodules__hal_nordic__nrfx.a(nrfx_clock.c.obj)
                0x0000000000003a1c                nrfx_clock_init
 .text.nrfx_clock_enable
                0x0000000000003a3c       0x24 modules/hal_nordic/nrfx/libmodules__hal_nordic__nrfx.a(nrfx_clock.c.obj)
                0x0000000000003a3c                nrfx_clock_enable
 .text.nrfx_clock_start
                0x0000000000003a60       0xa8 modules/hal_nordic/nrfx/libmodules__hal_nordic__nrfx.a(nrfx_clock.c.obj)
                0x0000000000003a60                nrfx_clock_start
 .text.nrfx_power_clock_irq_handler
                0x0000000000003b08       0x68 modules/hal_nordic/nrfx/libmodules__hal_nordic__nrfx.a(nrfx_clock.c.obj)
                0x0000000000003b08                nrfx_power_clock_irq_handler
 .text.nrf_gpio_pin_port_decode
                0x0000000000003b70       0x20 modules/hal_nordic/nrfx/libmodules__hal_nordic__nrfx.a(nrfx_gpiote.c.obj)
 .text.get_pin_idx
                0x0000000000003b90       0x14 modules/hal_nordic/nrfx/libmodules__hal_nordic__nrfx.a(nrfx_gpiote.c.obj)
 .text.call_handler.constprop.0
                0x0000000000003ba4       0x40 modules/hal_nordic/nrfx/libmodules__hal_nordic__nrfx.a(nrfx_gpiote.c.obj)
 .text.pin_te_get.constprop.0
                0x0000000000003be4       0x18 modules/hal_nordic/nrfx/libmodules__hal_nordic__nrfx.a(nrfx_gpiote.c.obj)
 .text.pin_is_output.constprop.0
                0x0000000000003bfc       0x18 modules/hal_nordic/nrfx/libmodules__hal_nordic__nrfx.a(nrfx_gpiote.c.obj)
 .text.pin_in_use_by_te.constprop.0
                0x0000000000003c14       0x18 modules/hal_nordic/nrfx/libmodules__hal_nordic__nrfx.a(nrfx_gpiote.c.obj)
 .text.latch_pending_read_and_check
                0x0000000000003c2c       0x40 modules/hal_nordic/nrfx/libmodules__hal_nordic__nrfx.a(nrfx_gpiote.c.obj)
 .text.release_handler.isra.0
                0x0000000000003c6c       0x58 modules/hal_nordic/nrfx/libmodules__hal_nordic__nrfx.a(nrfx_gpiote.c.obj)
 .text.__nrfy_internal_gpiote_events_process.constprop.0
                0x0000000000003cc4       0x5c modules/hal_nordic/nrfx/libmodules__hal_nordic__nrfx.a(nrfx_gpiote.c.obj)
 .text.pin_uninit
                0x0000000000003d20       0x80 modules/hal_nordic/nrfx/libmodules__hal_nordic__nrfx.a(nrfx_gpiote.c.obj)
 .text.nrfx_gpiote_input_configure
                0x0000000000003da0      0x174 modules/hal_nordic/nrfx/libmodules__hal_nordic__nrfx.a(nrfx_gpiote.c.obj)
                0x0000000000003da0                nrfx_gpiote_input_configure
 .text.nrfx_gpiote_output_configure
                0x0000000000003f14       0xfc modules/hal_nordic/nrfx/libmodules__hal_nordic__nrfx.a(nrfx_gpiote.c.obj)
                0x0000000000003f14                nrfx_gpiote_output_configure
 .text.nrfx_gpiote_global_callback_set
                0x0000000000004010        0xc modules/hal_nordic/nrfx/libmodules__hal_nordic__nrfx.a(nrfx_gpiote.c.obj)
                0x0000000000004010                nrfx_gpiote_global_callback_set
 .text.nrfx_gpiote_channel_get
                0x000000000000401c       0x34 modules/hal_nordic/nrfx/libmodules__hal_nordic__nrfx.a(nrfx_gpiote.c.obj)
                0x000000000000401c                nrfx_gpiote_channel_get
 .text.nrfx_gpiote_init
                0x0000000000004050       0x70 modules/hal_nordic/nrfx/libmodules__hal_nordic__nrfx.a(nrfx_gpiote.c.obj)
                0x0000000000004050                nrfx_gpiote_init
 .text.nrfx_gpiote_init_check
                0x00000000000040c0       0x14 modules/hal_nordic/nrfx/libmodules__hal_nordic__nrfx.a(nrfx_gpiote.c.obj)
                0x00000000000040c0                nrfx_gpiote_init_check
 .text.nrfx_gpiote_channel_free
                0x00000000000040d4        0xc modules/hal_nordic/nrfx/libmodules__hal_nordic__nrfx.a(nrfx_gpiote.c.obj)
                0x00000000000040d4                nrfx_gpiote_channel_free
 .text.nrfx_gpiote_channel_alloc
                0x00000000000040e0        0xc modules/hal_nordic/nrfx/libmodules__hal_nordic__nrfx.a(nrfx_gpiote.c.obj)
                0x00000000000040e0                nrfx_gpiote_channel_alloc
 .text.nrfx_gpiote_trigger_enable
                0x00000000000040ec       0x9c modules/hal_nordic/nrfx/libmodules__hal_nordic__nrfx.a(nrfx_gpiote.c.obj)
                0x00000000000040ec                nrfx_gpiote_trigger_enable
 .text.nrfx_gpiote_0_irq_handler
                0x0000000000004188      0x1bc modules/hal_nordic/nrfx/libmodules__hal_nordic__nrfx.a(nrfx_gpiote.c.obj)
                0x0000000000004188                nrfx_gpiote_0_irq_handler
 .text.nrfx_ppi_channel_alloc
                0x0000000000004344        0xc modules/hal_nordic/nrfx/libmodules__hal_nordic__nrfx.a(nrfx_ppi.c.obj)
                0x0000000000004344                nrfx_ppi_channel_alloc
 .text._DoInit  0x0000000000004350       0x68 modules/segger/libmodules__segger.a(SEGGER_RTT.c.obj)
 .text.z_fatal_error
                0x00000000000043b8       0x30 zephyr/kernel/libkernel.a(fatal.c.obj)
                0x00000000000043b8                z_fatal_error
 .text.z_sys_init_run_level
                0x00000000000043e8       0x48 zephyr/kernel/libkernel.a(init.c.obj)
 .text.bg_thread_main
                0x0000000000004430       0x34 zephyr/kernel/libkernel.a(init.c.obj)
 .text.z_bss_zero
                0x0000000000004464       0x18 zephyr/kernel/libkernel.a(init.c.obj)
                0x0000000000004464                z_bss_zero
 .text.z_init_cpu
                0x000000000000447c       0x8c zephyr/kernel/libkernel.a(init.c.obj)
                0x000000000000447c                z_init_cpu
 .text.z_cstart
                0x0000000000004508       0xdc zephyr/kernel/libkernel.a(init.c.obj)
                0x0000000000004508                z_cstart
 .text.init_mem_slab_obj_core_list
                0x00000000000045e4       0x24 zephyr/kernel/libkernel.a(mem_slab.c.obj)
 .text.k_mem_slab_alloc
                0x0000000000004608       0x5c zephyr/kernel/libkernel.a(mem_slab.c.obj)
                0x0000000000004608                k_mem_slab_alloc
 .text.z_setup_new_thread
                0x0000000000004664       0x80 zephyr/kernel/libkernel.a(thread.c.obj)
                0x0000000000004664                z_setup_new_thread
 .text.z_impl_k_thread_create
                0x00000000000046e4       0x58 zephyr/kernel/libkernel.a(thread.c.obj)
                0x00000000000046e4                z_impl_k_thread_create
 .text.z_init_static_threads
                0x000000000000473c       0x98 zephyr/kernel/libkernel.a(thread.c.obj)
                0x000000000000473c                z_init_static_threads
 .text.z_impl_k_msgq_put
                0x00000000000047d4       0xa0 zephyr/kernel/libkernel.a(msg_q.c.obj)
                0x00000000000047d4                z_impl_k_msgq_put
 .text.z_impl_k_msgq_get
                0x0000000000004874       0xb4 zephyr/kernel/libkernel.a(msg_q.c.obj)
                0x0000000000004874                z_impl_k_msgq_get
 .text.z_impl_k_mutex_unlock
                0x0000000000004928       0x78 zephyr/kernel/libkernel.a(mutex.c.obj)
                0x0000000000004928                z_impl_k_mutex_unlock
 .text.z_impl_k_mutex_lock
                0x00000000000049a0       0xf4 zephyr/kernel/libkernel.a(mutex.c.obj)
                0x00000000000049a0                z_impl_k_mutex_lock
 .text.z_impl_k_sem_give
                0x0000000000004a94       0x48 zephyr/kernel/libkernel.a(sem.c.obj)
                0x0000000000004a94                z_impl_k_sem_give
 .text.z_impl_k_sem_take
                0x0000000000004adc       0x50 zephyr/kernel/libkernel.a(sem.c.obj)
                0x0000000000004adc                z_impl_k_sem_take
 .text.sliceable
                0x0000000000004b2c       0x3c zephyr/kernel/libkernel.a(sched.c.obj)
 .text.slice_timeout
                0x0000000000004b68       0x20 zephyr/kernel/libkernel.a(sched.c.obj)
 .text.z_reset_time_slice
                0x0000000000004b88       0x50 zephyr/kernel/libkernel.a(sched.c.obj)
                0x0000000000004b88                z_reset_time_slice
 .text.update_cache
                0x0000000000004bd8       0x3c zephyr/kernel/libkernel.a(sched.c.obj)
 .text.move_thread_to_end_of_prio_q
                0x0000000000004c14       0x74 zephyr/kernel/libkernel.a(sched.c.obj)
 .text.ready_thread
                0x0000000000004c88       0x68 zephyr/kernel/libkernel.a(sched.c.obj)
 .text.unready_thread
                0x0000000000004cf0       0x30 zephyr/kernel/libkernel.a(sched.c.obj)
 .text.pend_locked
                0x0000000000004d20       0x30 zephyr/kernel/libkernel.a(sched.c.obj)
 .text.z_thread_halt
                0x0000000000004d50       0xa0 zephyr/kernel/libkernel.a(sched.c.obj)
 .text.z_time_slice
                0x0000000000004df0       0x60 zephyr/kernel/libkernel.a(sched.c.obj)
                0x0000000000004df0                z_time_slice
 .text.z_pend_curr
                0x0000000000004e50       0x3c zephyr/kernel/libkernel.a(sched.c.obj)
                0x0000000000004e50                z_pend_curr
 .text.z_set_prio
                0x0000000000004e8c       0x8c zephyr/kernel/libkernel.a(sched.c.obj)
                0x0000000000004e8c                z_set_prio
 .text.z_reschedule
                0x0000000000004f18       0x24 zephyr/kernel/libkernel.a(sched.c.obj)
                0x0000000000004f18                z_reschedule
 .text.z_sched_start
                0x0000000000004f3c       0x3c zephyr/kernel/libkernel.a(sched.c.obj)
                0x0000000000004f3c                z_sched_start
 .text.k_sched_lock
                0x0000000000004f78       0x28 zephyr/kernel/libkernel.a(sched.c.obj)
                0x0000000000004f78                k_sched_lock
 .text.k_sched_unlock
                0x0000000000004fa0       0x38 zephyr/kernel/libkernel.a(sched.c.obj)
                0x0000000000004fa0                k_sched_unlock
 .text.z_sched_init
                0x0000000000004fd8       0x10 zephyr/kernel/libkernel.a(sched.c.obj)
                0x0000000000004fd8                z_sched_init
 .text.z_impl_k_yield
                0x0000000000004fe8       0x7c zephyr/kernel/libkernel.a(sched.c.obj)
                0x0000000000004fe8                z_impl_k_yield
 .text.z_tick_sleep
                0x0000000000005064       0x88 zephyr/kernel/libkernel.a(sched.c.obj)
 .text.z_impl_k_sleep
                0x00000000000050ec       0x34 zephyr/kernel/libkernel.a(sched.c.obj)
                0x00000000000050ec                z_impl_k_sleep
 .text.z_impl_k_sched_current_thread_query
                0x0000000000005120        0xc zephyr/kernel/libkernel.a(sched.c.obj)
                0x0000000000005120                z_impl_k_sched_current_thread_query
 .text.z_data_copy
                0x000000000000512c       0x34 zephyr/kernel/libkernel.a(xip.c.obj)
                0x000000000000512c                z_data_copy
 .text.elapsed  0x0000000000005160       0x14 zephyr/kernel/libkernel.a(timeout.c.obj)
 .text.next_timeout
                0x0000000000005174       0x40 zephyr/kernel/libkernel.a(timeout.c.obj)
 .text.remove_timeout
                0x00000000000051b4       0x38 zephyr/kernel/libkernel.a(timeout.c.obj)
 .text.z_add_timeout
                0x00000000000051ec       0xec zephyr/kernel/libkernel.a(timeout.c.obj)
                0x00000000000051ec                z_add_timeout
 .text.sys_clock_announce
                0x00000000000052d8       0xd4 zephyr/kernel/libkernel.a(timeout.c.obj)
                0x00000000000052d8                sys_clock_announce
 .text.sys_clock_tick_get
                0x00000000000053ac       0x34 zephyr/kernel/libkernel.a(timeout.c.obj)
                0x00000000000053ac                sys_clock_tick_get
 .text.z_timer_expiration_handler
                0x00000000000053e0       0xe4 zephyr/kernel/libkernel.a(timer.c.obj)
                0x00000000000053e0                z_timer_expiration_handler
 .text.z_impl_k_timer_start
                0x00000000000054c4       0x74 zephyr/kernel/libkernel.a(timer.c.obj)
                0x00000000000054c4                z_impl_k_timer_start
 .text.boot_banner
                0x0000000000005538        0xc zephyr/kernel/libkernel.a(banner.c.obj)
                0x0000000000005538                boot_banner
 .text.statics_init
                0x0000000000005544       0x24 zephyr/kernel/libkernel.a(kheap.c.obj)
 .text.nrf_cc3xx_platform_init
                0x0000000000005568       0x44 /home/andre/ncs/v2.6.1/nrfxlib/crypto/nrf_cc310_platform/lib/cortex-m4/soft-float/no-interrupts/libnrf_cc310_platform_0.9.19.a(nrf_cc3xx_platform.c.obj)
                0x0000000000005568                nrf_cc3xx_platform_init
 .text.nrf_cc3xx_platform_abort
                0x00000000000055ac       0x24 /home/andre/ncs/v2.6.1/nrfxlib/crypto/nrf_cc310_platform/lib/cortex-m4/soft-float/no-interrupts/libnrf_cc310_platform_0.9.19.a(nrf_cc3xx_platform_abort.c.obj)
 .text.CC_PalAbort
                0x00000000000055d0       0x34 /home/andre/ncs/v2.6.1/nrfxlib/crypto/nrf_cc310_platform/lib/cortex-m4/soft-float/no-interrupts/libnrf_cc310_platform_0.9.19.a(nrf_cc3xx_platform_abort.c.obj)
                0x00000000000055d0                CC_PalAbort
 .text.nrf_cc3xx_platform_set_abort
                0x0000000000005604       0x10 /home/andre/ncs/v2.6.1/nrfxlib/crypto/nrf_cc310_platform/lib/cortex-m4/soft-float/no-interrupts/libnrf_cc310_platform_0.9.19.a(nrf_cc3xx_platform_abort.c.obj)
                0x0000000000005604                nrf_cc3xx_platform_set_abort
 .text.nrf_cc3xx_platform_ctr_drbg_init
                0x0000000000005614       0x60 /home/andre/ncs/v2.6.1/nrfxlib/crypto/nrf_cc310_platform/lib/cortex-m4/soft-float/no-interrupts/libnrf_cc310_platform_0.9.19.a(nrf_cc3xx_platform_ctr_drbg.c.obj)
                0x0000000000005614                nrf_cc3xx_platform_ctr_drbg_init
 .text.nrf_cc3xx_platform_ctr_drbg_get
                0x0000000000005674       0x44 /home/andre/ncs/v2.6.1/nrfxlib/crypto/nrf_cc310_platform/lib/cortex-m4/soft-float/no-interrupts/libnrf_cc310_platform_0.9.19.a(nrf_cc3xx_platform_ctr_drbg.c.obj)
                0x0000000000005674                nrf_cc3xx_platform_ctr_drbg_get
 .text.mutex_free
                0x00000000000056b8       0x34 /home/andre/ncs/v2.6.1/nrfxlib/crypto/nrf_cc310_platform/lib/cortex-m4/soft-float/no-interrupts/libnrf_cc310_platform_0.9.19.a(nrf_cc3xx_platform_mutex.c.obj)
 .text.mutex_lock
                0x00000000000056ec       0x48 /home/andre/ncs/v2.6.1/nrfxlib/crypto/nrf_cc310_platform/lib/cortex-m4/soft-float/no-interrupts/libnrf_cc310_platform_0.9.19.a(nrf_cc3xx_platform_mutex.c.obj)
 .text.mutex_unlock
                0x0000000000005734       0x38 /home/andre/ncs/v2.6.1/nrfxlib/crypto/nrf_cc310_platform/lib/cortex-m4/soft-float/no-interrupts/libnrf_cc310_platform_0.9.19.a(nrf_cc3xx_platform_mutex.c.obj)
 .text.mutex_init
                0x000000000000576c       0x20 /home/andre/ncs/v2.6.1/nrfxlib/crypto/nrf_cc310_platform/lib/cortex-m4/soft-float/no-interrupts/libnrf_cc310_platform_0.9.19.a(nrf_cc3xx_platform_mutex.c.obj)
 .text.nrf_cc3xx_platform_set_mutexes
                0x000000000000578c       0x74 /home/andre/ncs/v2.6.1/nrfxlib/crypto/nrf_cc310_platform/lib/cortex-m4/soft-float/no-interrupts/libnrf_cc310_platform_0.9.19.a(nrf_cc3xx_platform_mutex.c.obj)
                0x000000000000578c                nrf_cc3xx_platform_set_mutexes
 .text.mbedtls_zeroize_internal
                0x0000000000005800       0x14 /home/andre/ncs/v2.6.1/nrfxlib/crypto/nrf_cc310_platform/lib/cortex-m4/soft-float/no-interrupts/libnrf_cc310_platform_0.9.19.a(mbedtls_common.c.obj)
                0x0000000000005800                mbedtls_zeroize_internal
 .text.cc_mbedtls_platform_zeroize
                0x0000000000005814       0x14 /home/andre/ncs/v2.6.1/nrfxlib/crypto/nrf_cc310_platform/lib/cortex-m4/soft-float/no-interrupts/libnrf_cc310_platform_0.9.19.a(mbedtls_common.c.obj)
                0x0000000000005814                cc_mbedtls_platform_zeroize
 .text.block_cipher_df
                0x0000000000005828      0x1d0 /home/andre/ncs/v2.6.1/nrfxlib/crypto/nrf_cc310_platform/lib/cortex-m4/soft-float/no-interrupts/libnrf_cc310_platform_0.9.19.a(ctr_drbg.c.obj)
 .text.ctr_drbg_update_internal
                0x00000000000059f8      0x148 /home/andre/ncs/v2.6.1/nrfxlib/crypto/nrf_cc310_platform/lib/cortex-m4/soft-float/no-interrupts/libnrf_cc310_platform_0.9.19.a(ctr_drbg.c.obj)
 .text.mbedtls_ctr_drbg_reseed_internal
                0x0000000000005b40       0xc4 /home/andre/ncs/v2.6.1/nrfxlib/crypto/nrf_cc310_platform/lib/cortex-m4/soft-float/no-interrupts/libnrf_cc310_platform_0.9.19.a(ctr_drbg.c.obj)
 .text.cc_mbedtls_ctr_drbg_init
                0x0000000000005c04       0x2c /home/andre/ncs/v2.6.1/nrfxlib/crypto/nrf_cc310_platform/lib/cortex-m4/soft-float/no-interrupts/libnrf_cc310_platform_0.9.19.a(ctr_drbg.c.obj)
                0x0000000000005c04                cc_mbedtls_ctr_drbg_init
 .text.cc_mbedtls_ctr_drbg_seed
                0x0000000000005c30       0x98 /home/andre/ncs/v2.6.1/nrfxlib/crypto/nrf_cc310_platform/lib/cortex-m4/soft-float/no-interrupts/libnrf_cc310_platform_0.9.19.a(ctr_drbg.c.obj)
                0x0000000000005c30                cc_mbedtls_ctr_drbg_seed
 .text.cc_mbedtls_ctr_drbg_random_with_add
                0x0000000000005cc8      0x1e4 /home/andre/ncs/v2.6.1/nrfxlib/crypto/nrf_cc310_platform/lib/cortex-m4/soft-float/no-interrupts/libnrf_cc310_platform_0.9.19.a(ctr_drbg.c.obj)
                0x0000000000005cc8                cc_mbedtls_ctr_drbg_random_with_add
 .text.entropy_update
                0x0000000000005eac       0x7c /home/andre/ncs/v2.6.1/nrfxlib/crypto/nrf_cc310_platform/lib/cortex-m4/soft-float/no-interrupts/libnrf_cc310_platform_0.9.19.a(custom_entropy.c.obj)
 .text.entropy_gather_internal.part.0
                0x0000000000005f28       0x78 /home/andre/ncs/v2.6.1/nrfxlib/crypto/nrf_cc310_platform/lib/cortex-m4/soft-float/no-interrupts/libnrf_cc310_platform_0.9.19.a(custom_entropy.c.obj)
 .text.cc_mbedtls_entropy_init
                0x0000000000005fa0       0x88 /home/andre/ncs/v2.6.1/nrfxlib/crypto/nrf_cc310_platform/lib/cortex-m4/soft-float/no-interrupts/libnrf_cc310_platform_0.9.19.a(custom_entropy.c.obj)
                0x0000000000005fa0                cc_mbedtls_entropy_init
 .text.cc_mbedtls_entropy_func
                0x0000000000006028      0x10c /home/andre/ncs/v2.6.1/nrfxlib/crypto/nrf_cc310_platform/lib/cortex-m4/soft-float/no-interrupts/libnrf_cc310_platform_0.9.19.a(custom_entropy.c.obj)
                0x0000000000006028                cc_mbedtls_entropy_func
 .text.RndStartupTest.constprop.0
                0x0000000000006134       0x98 /home/andre/ncs/v2.6.1/nrfxlib/crypto/nrf_cc310_platform/lib/cortex-m4/soft-float/no-interrupts/libnrf_cc310_platform_0.9.19.a(cc_lib.c.obj)
 .text.CC_LibInit
                0x00000000000061cc       0xc0 /home/andre/ncs/v2.6.1/nrfxlib/crypto/nrf_cc310_platform/lib/cortex-m4/soft-float/no-interrupts/libnrf_cc310_platform_0.9.19.a(cc_lib.c.obj)
                0x00000000000061cc                CC_LibInit
 .text.CC_HalInit
                0x000000000000628c        0x4 /home/andre/ncs/v2.6.1/nrfxlib/crypto/nrf_cc310_platform/lib/cortex-m4/soft-float/no-interrupts/libnrf_cc310_platform_0.9.19.a(cc_hal.c.obj)
                0x000000000000628c                CC_HalInit
 .text.CC_HalTerminate
                0x0000000000006290        0x4 /home/andre/ncs/v2.6.1/nrfxlib/crypto/nrf_cc310_platform/lib/cortex-m4/soft-float/no-interrupts/libnrf_cc310_platform_0.9.19.a(cc_hal.c.obj)
                0x0000000000006290                CC_HalTerminate
 .text.CC_HalClearInterruptBit
                0x0000000000006294       0x1c /home/andre/ncs/v2.6.1/nrfxlib/crypto/nrf_cc310_platform/lib/cortex-m4/soft-float/no-interrupts/libnrf_cc310_platform_0.9.19.a(cc_hal.c.obj)
                0x0000000000006294                CC_HalClearInterruptBit
 .text.CC_HalMaskInterrupt
                0x00000000000062b0        0xc /home/andre/ncs/v2.6.1/nrfxlib/crypto/nrf_cc310_platform/lib/cortex-m4/soft-float/no-interrupts/libnrf_cc310_platform_0.9.19.a(cc_hal.c.obj)
                0x00000000000062b0                CC_HalMaskInterrupt
 .text.CC_HalWaitInterrupt
                0x00000000000062bc        0xc /home/andre/ncs/v2.6.1/nrfxlib/crypto/nrf_cc310_platform/lib/cortex-m4/soft-float/no-interrupts/libnrf_cc310_platform_0.9.19.a(cc_hal.c.obj)
                0x00000000000062bc                CC_HalWaitInterrupt
 .text.CC_HalWaitInterruptRND
                0x00000000000062c8        0xc /home/andre/ncs/v2.6.1/nrfxlib/crypto/nrf_cc310_platform/lib/cortex-m4/soft-float/no-interrupts/libnrf_cc310_platform_0.9.19.a(cc_hal.c.obj)
                0x00000000000062c8                CC_HalWaitInterruptRND
 .text.CC_PalInit
                0x00000000000062d4       0x5c /home/andre/ncs/v2.6.1/nrfxlib/crypto/nrf_cc310_platform/lib/cortex-m4/soft-float/no-interrupts/libnrf_cc310_platform_0.9.19.a(cc_pal.c.obj)
                0x00000000000062d4                CC_PalInit
 .text.CC_PalTerminate
                0x0000000000006330       0x34 /home/andre/ncs/v2.6.1/nrfxlib/crypto/nrf_cc310_platform/lib/cortex-m4/soft-float/no-interrupts/libnrf_cc310_platform_0.9.19.a(cc_pal.c.obj)
                0x0000000000006330                CC_PalTerminate
 .text.CC_PalDmaInit
                0x0000000000006364        0x4 /home/andre/ncs/v2.6.1/nrfxlib/crypto/nrf_cc310_platform/lib/cortex-m4/soft-float/no-interrupts/libnrf_cc310_platform_0.9.19.a(cc_pal_dma.c.obj)
                0x0000000000006364                CC_PalDmaInit
 .text.CC_PalDmaTerminate
                0x0000000000006368        0x4 /home/andre/ncs/v2.6.1/nrfxlib/crypto/nrf_cc310_platform/lib/cortex-m4/soft-float/no-interrupts/libnrf_cc310_platform_0.9.19.a(cc_pal_dma.c.obj)
                0x0000000000006368                CC_PalDmaTerminate
 .text.CC_PalWaitInterruptRND
                0x000000000000636c       0x2c /home/andre/ncs/v2.6.1/nrfxlib/crypto/nrf_cc310_platform/lib/cortex-m4/soft-float/no-interrupts/libnrf_cc310_platform_0.9.19.a(cc_pal_interrupt_ctrl.c.obj)
                0x000000000000636c                CC_PalWaitInterruptRND
 .text.CC_PalWaitInterrupt
                0x0000000000006398       0x18 /home/andre/ncs/v2.6.1/nrfxlib/crypto/nrf_cc310_platform/lib/cortex-m4/soft-float/no-interrupts/libnrf_cc310_platform_0.9.19.a(cc_pal_interrupt_ctrl.c.obj)
                0x0000000000006398                CC_PalWaitInterrupt
 .text.CC_PalMemCopyPlat
                0x00000000000063b0        0x4 /home/andre/ncs/v2.6.1/nrfxlib/crypto/nrf_cc310_platform/lib/cortex-m4/soft-float/no-interrupts/libnrf_cc310_platform_0.9.19.a(cc_pal_mem.c.obj)
                0x00000000000063b0                CC_PalMemCopyPlat
 .text.CC_PalMemSetPlat
                0x00000000000063b4        0x4 /home/andre/ncs/v2.6.1/nrfxlib/crypto/nrf_cc310_platform/lib/cortex-m4/soft-float/no-interrupts/libnrf_cc310_platform_0.9.19.a(cc_pal_mem.c.obj)
                0x00000000000063b4                CC_PalMemSetPlat
 .text.CC_PalMemSetZeroPlat
                0x00000000000063b8        0x8 /home/andre/ncs/v2.6.1/nrfxlib/crypto/nrf_cc310_platform/lib/cortex-m4/soft-float/no-interrupts/libnrf_cc310_platform_0.9.19.a(cc_pal_mem.c.obj)
                0x00000000000063b8                CC_PalMemSetZeroPlat
 .text.CC_PalMutexCreate
                0x00000000000063c0       0x14 /home/andre/ncs/v2.6.1/nrfxlib/crypto/nrf_cc310_platform/lib/cortex-m4/soft-float/no-interrupts/libnrf_cc310_platform_0.9.19.a(cc_pal_mutex.c.obj)
                0x00000000000063c0                CC_PalMutexCreate
 .text.CC_PalMutexDestroy
                0x00000000000063d4       0x14 /home/andre/ncs/v2.6.1/nrfxlib/crypto/nrf_cc310_platform/lib/cortex-m4/soft-float/no-interrupts/libnrf_cc310_platform_0.9.19.a(cc_pal_mutex.c.obj)
                0x00000000000063d4                CC_PalMutexDestroy
 .text.CC_PalMutexLock
                0x00000000000063e8       0x10 /home/andre/ncs/v2.6.1/nrfxlib/crypto/nrf_cc310_platform/lib/cortex-m4/soft-float/no-interrupts/libnrf_cc310_platform_0.9.19.a(cc_pal_mutex.c.obj)
                0x00000000000063e8                CC_PalMutexLock
 .text.CC_PalMutexUnlock
                0x00000000000063f8       0x14 /home/andre/ncs/v2.6.1/nrfxlib/crypto/nrf_cc310_platform/lib/cortex-m4/soft-float/no-interrupts/libnrf_cc310_platform_0.9.19.a(cc_pal_mutex.c.obj)
                0x00000000000063f8                CC_PalMutexUnlock
 .text.CC_PalPowerSaveModeInit
                0x000000000000640c       0x3c /home/andre/ncs/v2.6.1/nrfxlib/crypto/nrf_cc310_platform/lib/cortex-m4/soft-float/no-interrupts/libnrf_cc310_platform_0.9.19.a(cc_pal_pm.c.obj)
                0x000000000000640c                CC_PalPowerSaveModeInit
 .text.CC_PalPowerSaveModeSelect
                0x0000000000006448       0x84 /home/andre/ncs/v2.6.1/nrfxlib/crypto/nrf_cc310_platform/lib/cortex-m4/soft-float/no-interrupts/libnrf_cc310_platform_0.9.19.a(cc_pal_pm.c.obj)
                0x0000000000006448                CC_PalPowerSaveModeSelect
 .text.mutex_init
                0x00000000000064cc        0xc /home/andre/ncs/v2.6.1/nrfxlib/crypto/nrf_cc310_platform/lib/cortex-m4/soft-float/no-interrupts/libnrf_cc310_platform_0.9.19.a(threading_alt.c.obj)
                0x00000000000064cc                mutex_init
 .text.mutex_lock
                0x00000000000064d8        0xc /home/andre/ncs/v2.6.1/nrfxlib/crypto/nrf_cc310_platform/lib/cortex-m4/soft-float/no-interrupts/libnrf_cc310_platform_0.9.19.a(threading_alt.c.obj)
                0x00000000000064d8                mutex_lock
 .text.mutex_unlock
                0x00000000000064e4        0xc /home/andre/ncs/v2.6.1/nrfxlib/crypto/nrf_cc310_platform/lib/cortex-m4/soft-float/no-interrupts/libnrf_cc310_platform_0.9.19.a(threading_alt.c.obj)
                0x00000000000064e4                mutex_unlock
 .text.startTrngHW
                0x00000000000064f0      0x140 /home/andre/ncs/v2.6.1/nrfxlib/crypto/nrf_cc310_platform/lib/cortex-m4/soft-float/no-interrupts/libnrf_cc310_platform_0.9.19.a(llf_rnd_trng90b.c.obj)
 .text.LLF_RND_RepetitionCounterTest
                0x0000000000006630       0x60 /home/andre/ncs/v2.6.1/nrfxlib/crypto/nrf_cc310_platform/lib/cortex-m4/soft-float/no-interrupts/libnrf_cc310_platform_0.9.19.a(llf_rnd_trng90b.c.obj)
                0x0000000000006630                LLF_RND_RepetitionCounterTest
 .text.LLF_RND_AdaptiveProportionTest
                0x0000000000006690       0x84 /home/andre/ncs/v2.6.1/nrfxlib/crypto/nrf_cc310_platform/lib/cortex-m4/soft-float/no-interrupts/libnrf_cc310_platform_0.9.19.a(llf_rnd_trng90b.c.obj)
                0x0000000000006690                LLF_RND_AdaptiveProportionTest
 .text.getTrngSource
                0x0000000000006714      0x2b4 /home/andre/ncs/v2.6.1/nrfxlib/crypto/nrf_cc310_platform/lib/cortex-m4/soft-float/no-interrupts/libnrf_cc310_platform_0.9.19.a(llf_rnd_trng90b.c.obj)
 .text.LLF_RND_GetTrngSource
                0x00000000000069c8       0x18 /home/andre/ncs/v2.6.1/nrfxlib/crypto/nrf_cc310_platform/lib/cortex-m4/soft-float/no-interrupts/libnrf_cc310_platform_0.9.19.a(llf_rnd_trng90b.c.obj)
                0x00000000000069c8                LLF_RND_GetTrngSource
 .text.LLF_RND_RunTrngStartupTest
                0x00000000000069e0       0x1c /home/andre/ncs/v2.6.1/nrfxlib/crypto/nrf_cc310_platform/lib/cortex-m4/soft-float/no-interrupts/libnrf_cc310_platform_0.9.19.a(llf_rnd_trng90b.c.obj)
                0x00000000000069e0                LLF_RND_RunTrngStartupTest
 .text.mbedtls_hardware_poll
                0x00000000000069fc       0xfc /home/andre/ncs/v2.6.1/nrfxlib/crypto/nrf_cc310_platform/lib/cortex-m4/soft-float/no-interrupts/libnrf_cc310_platform_0.9.19.a(trng_api.c.obj)
                0x00000000000069fc                mbedtls_hardware_poll
 .text.cc_mbedtls_aes_init
                0x0000000000006af8       0x20 /home/andre/ncs/v2.6.1/nrfxlib/crypto/nrf_cc310_platform/lib/cortex-m4/soft-float/no-interrupts/libnrf_cc310_platform_0.9.19.a(aes_alt.c.obj)
                0x0000000000006af8                cc_mbedtls_aes_init
 .text.cc_mbedtls_aes_free
                0x0000000000006b18        0xc /home/andre/ncs/v2.6.1/nrfxlib/crypto/nrf_cc310_platform/lib/cortex-m4/soft-float/no-interrupts/libnrf_cc310_platform_0.9.19.a(aes_alt.c.obj)
                0x0000000000006b18                cc_mbedtls_aes_free
 .text.cc_mbedtls_aes_setkey_enc
                0x0000000000006b24       0x34 /home/andre/ncs/v2.6.1/nrfxlib/crypto/nrf_cc310_platform/lib/cortex-m4/soft-float/no-interrupts/libnrf_cc310_platform_0.9.19.a(aes_alt.c.obj)
                0x0000000000006b24                cc_mbedtls_aes_setkey_enc
 .text.cc_mbedtls_aes_crypt_ecb
                0x0000000000006b58       0x54 /home/andre/ncs/v2.6.1/nrfxlib/crypto/nrf_cc310_platform/lib/cortex-m4/soft-float/no-interrupts/libnrf_cc310_platform_0.9.19.a(aes_alt.c.obj)
                0x0000000000006b58                cc_mbedtls_aes_crypt_ecb
 .text.cc_mbedtls_sha256_init
                0x0000000000006bac       0x28 /home/andre/ncs/v2.6.1/nrfxlib/crypto/nrf_cc310_platform/lib/cortex-m4/soft-float/no-interrupts/libnrf_cc310_platform_0.9.19.a(sha256_alt.c.obj)
                0x0000000000006bac                cc_mbedtls_sha256_init
 .text.cc_mbedtls_sha256_free
                0x0000000000006bd4        0xc /home/andre/ncs/v2.6.1/nrfxlib/crypto/nrf_cc310_platform/lib/cortex-m4/soft-float/no-interrupts/libnrf_cc310_platform_0.9.19.a(sha256_alt.c.obj)
                0x0000000000006bd4                cc_mbedtls_sha256_free
 .text.cc_mbedtls_sha256_starts
                0x0000000000006be0       0x28 /home/andre/ncs/v2.6.1/nrfxlib/crypto/nrf_cc310_platform/lib/cortex-m4/soft-float/no-interrupts/libnrf_cc310_platform_0.9.19.a(sha256_alt.c.obj)
                0x0000000000006be0                cc_mbedtls_sha256_starts
 .text.cc_mbedtls_sha256_update
                0x0000000000006c08       0x54 /home/andre/ncs/v2.6.1/nrfxlib/crypto/nrf_cc310_platform/lib/cortex-m4/soft-float/no-interrupts/libnrf_cc310_platform_0.9.19.a(sha256_alt.c.obj)
                0x0000000000006c08                cc_mbedtls_sha256_update
 .text.cc_mbedtls_sha256_finish
                0x0000000000006c5c       0x48 /home/andre/ncs/v2.6.1/nrfxlib/crypto/nrf_cc310_platform/lib/cortex-m4/soft-float/no-interrupts/libnrf_cc310_platform_0.9.19.a(sha256_alt.c.obj)
                0x0000000000006c5c                cc_mbedtls_sha256_finish
 .text.mbedtls_sha_starts_internal
                0x0000000000006ca4       0x28 /home/andre/ncs/v2.6.1/nrfxlib/crypto/nrf_cc310_platform/lib/cortex-m4/soft-float/no-interrupts/libnrf_cc310_platform_0.9.19.a(mbedtls_hash_common.c.obj)
                0x0000000000006ca4                mbedtls_sha_starts_internal
 .text.mbedtls_sha_finish_internal
                0x0000000000006ccc       0x5c /home/andre/ncs/v2.6.1/nrfxlib/crypto/nrf_cc310_platform/lib/cortex-m4/soft-float/no-interrupts/libnrf_cc310_platform_0.9.19.a(mbedtls_hash_common.c.obj)
                0x0000000000006ccc                mbedtls_sha_finish_internal
 .text.mbedtls_sha_update_internal
                0x0000000000006d28      0x1ec /home/andre/ncs/v2.6.1/nrfxlib/crypto/nrf_cc310_platform/lib/cortex-m4/soft-float/no-interrupts/libnrf_cc310_platform_0.9.19.a(mbedtls_hash_common.c.obj)
                0x0000000000006d28                mbedtls_sha_update_internal
 .text.cc_mbedtls_sha256
                0x0000000000006f14       0x50 /home/andre/ncs/v2.6.1/nrfxlib/crypto/nrf_cc310_platform/lib/cortex-m4/soft-float/no-interrupts/libnrf_cc310_platform_0.9.19.a(sha256.c.obj)
                0x0000000000006f14                cc_mbedtls_sha256
 .text.RNG_PLAT_SetUserRngParameters
                0x0000000000006f64       0x74 /home/andre/ncs/v2.6.1/nrfxlib/crypto/nrf_cc310_platform/lib/cortex-m4/soft-float/no-interrupts/libnrf_cc310_platform_0.9.19.a(cc_rng_plat.c.obj)
                0x0000000000006f64                RNG_PLAT_SetUserRngParameters
 .text.CC_PalTrngParamGet
                0x0000000000006fd8       0xa8 /home/andre/ncs/v2.6.1/nrfxlib/crypto/nrf_cc310_platform/lib/cortex-m4/soft-float/no-interrupts/libnrf_cc310_platform_0.9.19.a(cc_pal_trng.c.obj)
                0x0000000000006fd8                CC_PalTrngParamGet
 .text.LLF_RND_WaitRngInterrupt
                0x0000000000007080       0x20 /home/andre/ncs/v2.6.1/nrfxlib/crypto/nrf_cc310_platform/lib/cortex-m4/soft-float/no-interrupts/libnrf_cc310_platform_0.9.19.a(llf_rnd.c.obj)
                0x0000000000007080                LLF_RND_WaitRngInterrupt
 .text.LLF_RND_GetRoscSampleCnt
                0x00000000000070a0       0x34 /home/andre/ncs/v2.6.1/nrfxlib/crypto/nrf_cc310_platform/lib/cortex-m4/soft-float/no-interrupts/libnrf_cc310_platform_0.9.19.a(llf_rnd.c.obj)
                0x00000000000070a0                LLF_RND_GetRoscSampleCnt
 .text.LLF_RND_GetFastestRosc
                0x00000000000070d4       0x20 /home/andre/ncs/v2.6.1/nrfxlib/crypto/nrf_cc310_platform/lib/cortex-m4/soft-float/no-interrupts/libnrf_cc310_platform_0.9.19.a(llf_rnd.c.obj)
                0x00000000000070d4                LLF_RND_GetFastestRosc
 .text.LLF_RND_TurnOffTrng
                0x00000000000070f4       0x18 /home/andre/ncs/v2.6.1/nrfxlib/crypto/nrf_cc310_platform/lib/cortex-m4/soft-float/no-interrupts/libnrf_cc310_platform_0.9.19.a(llf_rnd.c.obj)
                0x00000000000070f4                LLF_RND_TurnOffTrng
 .text.SetDataBuffersInfo
                0x000000000000710c       0x68 /home/andre/ncs/v2.6.1/nrfxlib/crypto/nrf_cc310_platform/lib/cortex-m4/soft-float/no-interrupts/libnrf_cc310_platform_0.9.19.a(driver_common.c.obj)
                0x000000000000710c                SetDataBuffersInfo
 .text.InitHashDrv
                0x0000000000007174       0x50 /home/andre/ncs/v2.6.1/nrfxlib/crypto/nrf_cc310_platform/lib/cortex-m4/soft-float/no-interrupts/libnrf_cc310_platform_0.9.19.a(hash_driver.c.obj)
                0x0000000000007174                InitHashDrv
 .text.ProcessHashDrv
                0x00000000000071c4      0x22c /home/andre/ncs/v2.6.1/nrfxlib/crypto/nrf_cc310_platform/lib/cortex-m4/soft-float/no-interrupts/libnrf_cc310_platform_0.9.19.a(hash_driver.c.obj)
                0x00000000000071c4                ProcessHashDrv
 .text.FinishHashDrv
                0x00000000000073f0       0x70 /home/andre/ncs/v2.6.1/nrfxlib/crypto/nrf_cc310_platform/lib/cortex-m4/soft-float/no-interrupts/libnrf_cc310_platform_0.9.19.a(hash_driver.c.obj)
                0x00000000000073f0                FinishHashDrv
 .text.LoadAesKey
                0x0000000000007460       0xa8 /home/andre/ncs/v2.6.1/nrfxlib/crypto/nrf_cc310_platform/lib/cortex-m4/soft-float/no-interrupts/libnrf_cc310_platform_0.9.19.a(aes_driver.c.obj)
 .text.InitAes.part.0
                0x0000000000007508       0xe4 /home/andre/ncs/v2.6.1/nrfxlib/crypto/nrf_cc310_platform/lib/cortex-m4/soft-float/no-interrupts/libnrf_cc310_platform_0.9.19.a(aes_driver.c.obj)
 .text.write_invalid_key
                0x00000000000075ec       0x30 /home/andre/ncs/v2.6.1/nrfxlib/crypto/nrf_cc310_platform/lib/cortex-m4/soft-float/no-interrupts/libnrf_cc310_platform_0.9.19.a(aes_driver.c.obj)
                0x00000000000075ec                write_invalid_key
 .text.ProcessAesDrv
                0x000000000000761c      0x368 /home/andre/ncs/v2.6.1/nrfxlib/crypto/nrf_cc310_platform/lib/cortex-m4/soft-float/no-interrupts/libnrf_cc310_platform_0.9.19.a(aes_driver.c.obj)
                0x000000000000761c                ProcessAesDrv
 .text.FinishAesDrv
                0x0000000000007984      0x254 /home/andre/ncs/v2.6.1/nrfxlib/crypto/nrf_cc310_platform/lib/cortex-m4/soft-float/no-interrupts/libnrf_cc310_platform_0.9.19.a(aes_driver.c.obj)
                0x0000000000007984                FinishAesDrv
 .text.kmu_validate_slot_and_size
                0x0000000000007bd8       0x1c /home/andre/ncs/v2.6.1/nrfxlib/crypto/nrf_cc310_platform/lib/cortex-m4/soft-float/no-interrupts/libnrf_cc310_platform_0.9.19.a(kmu_shared.c.obj)
                0x0000000000007bd8                kmu_validate_slot_and_size
 .text.kmu_validate_kdr_slot_and_size
                0x0000000000007bf4       0x1c /home/andre/ncs/v2.6.1/nrfxlib/crypto/nrf_cc310_platform/lib/cortex-m4/soft-float/no-interrupts/libnrf_cc310_platform_0.9.19.a(kmu_shared.c.obj)
                0x0000000000007bf4                kmu_validate_kdr_slot_and_size
 .text.kmu_use_kdr_key
                0x0000000000007c10       0x14 /home/andre/ncs/v2.6.1/nrfxlib/crypto/nrf_cc310_platform/lib/cortex-m4/soft-float/no-interrupts/libnrf_cc310_platform_0.9.19.a(kmu_shared.c.obj)
                0x0000000000007c10                kmu_use_kdr_key
 .text.kmu_derive_cmac
                0x0000000000007c24      0x11c /home/andre/ncs/v2.6.1/nrfxlib/crypto/nrf_cc310_platform/lib/cortex-m4/soft-float/no-interrupts/libnrf_cc310_platform_0.9.19.a(kmu_shared.c.obj)
                0x0000000000007c24                kmu_derive_cmac
 .text.UtilCmacBuildDataForDerivation
                0x0000000000007d40       0xc0 /home/andre/ncs/v2.6.1/nrfxlib/crypto/nrf_cc310_platform/lib/cortex-m4/soft-float/no-interrupts/libnrf_cc310_platform_0.9.19.a(cc_util_cmac.c.obj)
                0x0000000000007d40                UtilCmacBuildDataForDerivation
 .text.CC_PalDataBufferAttrGet
                0x0000000000007e00        0x8 /home/andre/ncs/v2.6.1/nrfxlib/crypto/nrf_cc310_platform/lib/cortex-m4/soft-float/no-interrupts/libnrf_cc310_platform_0.9.19.a(cc_pal_buff_attr.c.obj)
                0x0000000000007e00                CC_PalDataBufferAttrGet
 .text.snprintf
                0x0000000000007e08       0x58 /home/andre/ncs/toolchains/2be090971e/opt/zephyr-sdk/arm-zephyr-eabi/bin/../lib/gcc/../../picolibc/arm-zephyr-eabi/lib/thumb/v7e-m/nofp/libc.a(libc_tinystdio_snprintf.c.o)
                0x0000000000007e08                snprintf
 .text.__l_vfprintf
                0x0000000000007e60      0x4b8 /home/andre/ncs/toolchains/2be090971e/opt/zephyr-sdk/arm-zephyr-eabi/bin/../lib/gcc/../../picolibc/arm-zephyr-eabi/lib/thumb/v7e-m/nofp/libc.a(libc_tinystdio_vflprintf.c.o)
                0x0000000000007e60                __l_vfprintf
 .text._OffsetAbsSyms
                0x0000000000008318        0x2 zephyr/CMakeFiles/offsets.dir/./arch/arm/core/offsets/offsets.c.obj
                0x0000000000008318                _OffsetAbsSyms
 .text.gpio_pin_get_dt
                0x000000000000831a       0x2a app/libapp.a(main.c.obj)
 .text.gpio_pin_configure_dt.isra.0
                0x0000000000008344       0x3e app/libapp.a(main.c.obj)
 .text.k_msleep.isra.0
                0x0000000000008382       0x20 app/libapp.a(main.c.obj)
 .text.arch_printk_char_out
                0x00000000000083a2        0x4 zephyr/libzephyr.a(printk.c.obj)
                0x00000000000083a2                arch_printk_char_out
 .text.printk   0x00000000000083a6       0x1a zephyr/libzephyr.a(printk.c.obj)
                0x00000000000083a6                printk
 .text.chunk_size
                0x00000000000083c0        0xa zephyr/libzephyr.a(heap.c.obj)
 .text.free_list_add
                0x00000000000083ca       0x4e zephyr/libzephyr.a(heap.c.obj)
 .text.sys_heap_init
                0x0000000000008418       0x7a zephyr/libzephyr.a(heap.c.obj)
                0x0000000000008418                sys_heap_init
 .text.process_recheck
                0x0000000000008492       0x38 zephyr/libzephyr.a(onoff.c.obj)
 .text.validate_args
                0x00000000000084ca       0x20 zephyr/libzephyr.a(onoff.c.obj)
 .text.notify_one
                0x00000000000084ea       0x2c zephyr/libzephyr.a(onoff.c.obj)
 .text.transition_complete
                0x0000000000008516       0x1c zephyr/libzephyr.a(onoff.c.obj)
 .text.onoff_manager_init
                0x0000000000008532       0x26 zephyr/libzephyr.a(onoff.c.obj)
                0x0000000000008532                onoff_manager_init
 .text.onoff_request
                0x0000000000008558       0xb0 zephyr/libzephyr.a(onoff.c.obj)
                0x0000000000008558                onoff_request
 .text.sys_notify_validate
                0x0000000000008608       0x22 zephyr/libzephyr.a(notify.c.obj)
                0x0000000000008608                sys_notify_validate
 .text.sys_notify_finalize
                0x000000000000862a       0x1a zephyr/libzephyr.a(notify.c.obj)
                0x000000000000862a                sys_notify_finalize
 .text._ConfigAbsSyms
                0x0000000000008644        0x2 zephyr/libzephyr.a(configs.c.obj)
                0x0000000000008644                _ConfigAbsSyms
 .text.abort_function
                0x0000000000008646        0x8 zephyr/libzephyr.a(nrf_cc3xx_platform_abort_zephyr.c.obj)
 .text.z_arm_fatal_error
                0x000000000000864e        0x4 zephyr/arch/arch/arm/core/libarch__arm__core.a(fatal.c.obj)
                0x000000000000864e                z_arm_fatal_error
 .text.z_do_kernel_oops
                0x0000000000008652        0x8 zephyr/arch/arch/arm/core/libarch__arm__core.a(fatal.c.obj)
                0x0000000000008652                z_do_kernel_oops
 .text.z_arm_nmi
                0x000000000000865a        0xe zephyr/arch/arch/arm/core/libarch__arm__core.a(nmi.c.obj)
                0x000000000000865a                z_arm_nmi
 .text.z_irq_spurious
                0x0000000000008668        0x8 zephyr/arch/arch/arm/core/cortex_m/libarch__arm__core__cortex_m.a(irq_manage.c.obj)
                0x0000000000008668                z_irq_spurious
 .text.size_to_mpu_rasr_size
                0x0000000000008670       0x20 zephyr/arch/arch/arm/core/mpu/libarch__arm__core__mpu.a(arm_mpu.c.obj)
 .text.mpu_configure_regions
                0x0000000000008690       0x5c zephyr/arch/arch/arm/core/mpu/libarch__arm__core__mpu.a(arm_mpu.c.obj)
 .text.picolibc_put
                0x00000000000086ec        0xa zephyr/lib/libc/picolibc/liblib__libc__picolibc.a(libc-hooks.c.obj)
 .text.adc_context_on_timer_expired
                0x00000000000086f6       0x2e zephyr/drivers/adc/libdrivers__adc.a(adc_nrfx_saadc.c.obj)
 .text.get_status
                0x0000000000008724       0x12 zephyr/drivers/clock_control/libdrivers__clock_control.a(clock_control_nrf.c.obj)
 .text.set_on_state
                0x0000000000008736       0x26 zephyr/drivers/clock_control/libdrivers__clock_control.a(clock_control_nrf.c.obj)
 .text.stop     0x000000000000875c       0x54 zephyr/drivers/clock_control/libdrivers__clock_control.a(clock_control_nrf.c.obj)
 .text.api_stop
                0x00000000000087b0        0x6 zephyr/drivers/clock_control/libdrivers__clock_control.a(clock_control_nrf.c.obj)
 .text.async_start
                0x00000000000087b6       0x5e zephyr/drivers/clock_control/libdrivers__clock_control.a(clock_control_nrf.c.obj)
 .text.api_start
                0x0000000000008814        0xe zephyr/drivers/clock_control/libdrivers__clock_control.a(clock_control_nrf.c.obj)
 .text.onoff_started_callback
                0x0000000000008822       0x12 zephyr/drivers/clock_control/libdrivers__clock_control.a(clock_control_nrf.c.obj)
 .text.lfclk_start
                0x0000000000008834        0x6 zephyr/drivers/clock_control/libdrivers__clock_control.a(clock_control_nrf.c.obj)
 .text.lfclk_stop
                0x000000000000883a        0x6 zephyr/drivers/clock_control/libdrivers__clock_control.a(clock_control_nrf.c.obj)
 .text.blocking_start_callback
                0x0000000000008840        0x6 zephyr/drivers/clock_control/libdrivers__clock_control.a(clock_control_nrf.c.obj)
 .text.entropy_cc3xx_rng_get_entropy
                0x0000000000008846       0x44 zephyr/drivers/entropy/libdrivers__entropy.a(entropy_cc3xx.c.obj)
 .text.entropy_cc3xx_rng_init
                0x000000000000888a       0x16 zephyr/drivers/entropy/libdrivers__entropy.a(entropy_cc3xx.c.obj)
 .text.gpio_nrfx_port_get_raw
                0x00000000000088a0        0xe zephyr/drivers/gpio/libdrivers__gpio.a(gpio_nrfx.c.obj)
 .text.gpio_nrfx_port_set_masked_raw
                0x00000000000088ae       0x18 zephyr/drivers/gpio/libdrivers__gpio.a(gpio_nrfx.c.obj)
 .text.gpio_nrfx_port_set_bits_raw
                0x00000000000088c6        0xc zephyr/drivers/gpio/libdrivers__gpio.a(gpio_nrfx.c.obj)
 .text.gpio_nrfx_port_clear_bits_raw
                0x00000000000088d2        0xc zephyr/drivers/gpio/libdrivers__gpio.a(gpio_nrfx.c.obj)
 .text.gpio_nrfx_port_toggle_bits
                0x00000000000088de       0x1a zephyr/drivers/gpio/libdrivers__gpio.a(gpio_nrfx.c.obj)
 .text.gpio_nrfx_manage_callback
                0x00000000000088f8       0x52 zephyr/drivers/gpio/libdrivers__gpio.a(gpio_nrfx.c.obj)
 .text.pinctrl_lookup_state
                0x000000000000894a       0x26 zephyr/drivers/pinctrl/libdrivers__pinctrl.a(common.c.obj)
                0x000000000000894a                pinctrl_lookup_state
 .text.uarte_nrfx_err_check
                0x0000000000008970        0xe zephyr/drivers/serial/libdrivers__serial.a(uart_nrfx_uarte.c.obj)
 .text.tx_start
                0x000000000000897e       0x50 zephyr/drivers/serial/libdrivers__serial.a(uart_nrfx_uarte.c.obj)
 .text.user_callback
                0x00000000000089ce        0xe zephyr/drivers/serial/libdrivers__serial.a(uart_nrfx_uarte.c.obj)
 .text.notify_uart_rx_rdy
                0x00000000000089dc       0x32 zephyr/drivers/serial/libdrivers__serial.a(uart_nrfx_uarte.c.obj)
 .text.rx_buf_release
                0x0000000000008a0e       0x30 zephyr/drivers/serial/libdrivers__serial.a(uart_nrfx_uarte.c.obj)
 .text.notify_rx_disable
                0x0000000000008a3e       0x22 zephyr/drivers/serial/libdrivers__serial.a(uart_nrfx_uarte.c.obj)
 .text.uarte_nrfx_rx_buf_rsp
                0x0000000000008a60       0x52 zephyr/drivers/serial/libdrivers__serial.a(uart_nrfx_uarte.c.obj)
 .text.uarte_nrfx_callback_set
                0x0000000000008ab2       0x16 zephyr/drivers/serial/libdrivers__serial.a(uart_nrfx_uarte.c.obj)
 .text.uarte_nrfx_poll_in
                0x0000000000008ac8       0x32 zephyr/drivers/serial/libdrivers__serial.a(uart_nrfx_uarte.c.obj)
 .text.uarte_nrfx_rx_disable
                0x0000000000008afa       0x4a zephyr/drivers/serial/libdrivers__serial.a(uart_nrfx_uarte.c.obj)
 .text.setup_tx_cache
                0x0000000000008b44       0x30 zephyr/drivers/serial/libdrivers__serial.a(uart_nrfx_uarte.c.obj)
 .text.rx_flush.isra.0
                0x0000000000008b74       0x6a zephyr/drivers/serial/libdrivers__serial.a(uart_nrfx_uarte.c.obj)
 .text.async_uart_release
                0x0000000000008bde       0x54 zephyr/drivers/serial/libdrivers__serial.a(uart_nrfx_uarte.c.obj)
 .text.is_tx_ready.isra.0
                0x0000000000008c32       0x20 zephyr/drivers/serial/libdrivers__serial.a(uart_nrfx_uarte.c.obj)
 .text.start_tx_locked
                0x0000000000008c52       0x36 zephyr/drivers/serial/libdrivers__serial.a(uart_nrfx_uarte.c.obj)
 .text.uarte_nrfx_rx_enable
                0x0000000000008c88      0x116 zephyr/drivers/serial/libdrivers__serial.a(uart_nrfx_uarte.c.obj)
 .text.rx_timeout
                0x0000000000008d9e       0xaa zephyr/drivers/serial/libdrivers__serial.a(uart_nrfx_uarte.c.obj)
 .text.uarte_nrfx_tx_abort
                0x0000000000008e48       0x2a zephyr/drivers/serial/libdrivers__serial.a(uart_nrfx_uarte.c.obj)
 .text.tx_timeout
                0x0000000000008e72        0x8 zephyr/drivers/serial/libdrivers__serial.a(uart_nrfx_uarte.c.obj)
 .text.event_clear
                0x0000000000008e7a       0x18 zephyr/drivers/timer/libdrivers__timer.a(nrf_rtc_timer.c.obj)
 .text.k_sys_fatal_error_handler
                0x0000000000008e92        0x8 modules/nrf/lib/fatal_error/lib..__nrf__lib__fatal_error.a(fatal_error.c.obj)
                0x0000000000008e92                k_sys_fatal_error_handler
 .text.hw_cc3xx_init_internal
                0x0000000000008e9a        0x4 modules/nrf/drivers/hw_cc3xx/lib..__nrf__drivers__hw_cc3xx.a(hw_cc3xx.c.obj)
 .text.hw_cc3xx_init
                0x0000000000008e9e       0x12 modules/nrf/drivers/hw_cc3xx/lib..__nrf__drivers__hw_cc3xx.a(hw_cc3xx.c.obj)
 .text.nrfx_isr
                0x0000000000008eb0        0x2 modules/hal_nordic/nrfx/libmodules__hal_nordic__nrfx.a(nrfx_glue.c.obj)
                0x0000000000008eb0                nrfx_isr
 .text.nrfx_busy_wait
                0x0000000000008eb2        0x4 modules/hal_nordic/nrfx/libmodules__hal_nordic__nrfx.a(nrfx_glue.c.obj)
                0x0000000000008eb2                nrfx_busy_wait
 .text.nrfx_gppi_channel_endpoints_setup
                0x0000000000008eb6       0x14 modules/hal_nordic/nrfx/libmodules__hal_nordic__nrfx.a(nrfx_gppi_ppi.c.obj)
                0x0000000000008eb6                nrfx_gppi_channel_endpoints_setup
 .text.nrfx_clock_stop
                0x0000000000008eca        0x4 modules/hal_nordic/nrfx/libmodules__hal_nordic__nrfx.a(nrfx_clock.c.obj)
                0x0000000000008eca                nrfx_clock_stop
 .text.nrf_gpio_reconfigure
                0x0000000000008ece       0x92 modules/hal_nordic/nrfx/libmodules__hal_nordic__nrfx.a(nrfx_gpiote.c.obj)
 .text.nrf_gpio_cfg_sense_set
                0x0000000000008f60       0x1e modules/hal_nordic/nrfx/libmodules__hal_nordic__nrfx.a(nrfx_gpiote.c.obj)
 .text.pin_trigger_disable
                0x0000000000008f7e       0x48 modules/hal_nordic/nrfx/libmodules__hal_nordic__nrfx.a(nrfx_gpiote.c.obj)
 .text.nrfx_gpiote_pin_uninit
                0x0000000000008fc6        0x4 modules/hal_nordic/nrfx/libmodules__hal_nordic__nrfx.a(nrfx_gpiote.c.obj)
                0x0000000000008fc6                nrfx_gpiote_pin_uninit
 .text.nrfx_gpiote_trigger_disable
                0x0000000000008fca        0x4 modules/hal_nordic/nrfx/libmodules__hal_nordic__nrfx.a(nrfx_gpiote.c.obj)
                0x0000000000008fca                nrfx_gpiote_trigger_disable
 .text.SEGGER_RTT_Init
                0x0000000000008fce        0x4 modules/segger/libmodules__segger.a(SEGGER_RTT.c.obj)
                0x0000000000008fce                SEGGER_RTT_Init
 .text.rtt_init
                0x0000000000008fd2        0xa modules/segger/libmodules__segger.a(SEGGER_RTT_zephyr.c.obj)
 .text.z_impl_k_busy_wait
                0x0000000000008fdc        0x8 zephyr/kernel/libkernel.a(busy_wait.c.obj)
                0x0000000000008fdc                z_impl_k_busy_wait
 .text.z_device_state_init
                0x0000000000008fe4        0x2 zephyr/kernel/libkernel.a(device.c.obj)
                0x0000000000008fe4                z_device_state_init
 .text.z_device_is_ready
                0x0000000000008fe6       0x16 zephyr/kernel/libkernel.a(device.c.obj)
                0x0000000000008fe6                z_device_is_ready
 .text.z_early_memset
                0x0000000000008ffc        0x4 zephyr/kernel/libkernel.a(init.c.obj)
                0x0000000000008ffc                z_early_memset
 .text.z_early_memcpy
                0x0000000000009000        0x4 zephyr/kernel/libkernel.a(init.c.obj)
                0x0000000000009000                z_early_memcpy
 .text.create_free_list
                0x0000000000009004       0x2c zephyr/kernel/libkernel.a(mem_slab.c.obj)
 .text.k_mem_slab_init
                0x0000000000009030       0x1c zephyr/kernel/libkernel.a(mem_slab.c.obj)
                0x0000000000009030                k_mem_slab_init
 .text.k_mem_slab_free
                0x000000000000904c       0x4c zephyr/kernel/libkernel.a(mem_slab.c.obj)
                0x000000000000904c                k_mem_slab_free
 .text.k_is_in_isr
                0x0000000000009098        0xc zephyr/kernel/libkernel.a(thread.c.obj)
                0x0000000000009098                k_is_in_isr
 .text.idle     0x00000000000090a4       0x18 zephyr/kernel/libkernel.a(idle.c.obj)
                0x00000000000090a4                idle
 .text.adjust_owner_prio.isra.0
                0x00000000000090bc       0x10 zephyr/kernel/libkernel.a(mutex.c.obj)
 .text.z_impl_k_mutex_init
                0x00000000000090cc        0xe zephyr/kernel/libkernel.a(mutex.c.obj)
                0x00000000000090cc                z_impl_k_mutex_init
 .text.z_impl_k_sem_init
                0x00000000000090da       0x18 zephyr/kernel/libkernel.a(sem.c.obj)
                0x00000000000090da                z_impl_k_sem_init
 .text.sys_dlist_remove
                0x00000000000090f2       0x10 zephyr/kernel/libkernel.a(sched.c.obj)
 .text.unpend_thread_no_timeout
                0x0000000000009102       0x14 zephyr/kernel/libkernel.a(sched.c.obj)
 .text.add_to_waitq_locked
                0x0000000000009116       0x50 zephyr/kernel/libkernel.a(sched.c.obj)
 .text.z_ready_thread
                0x0000000000009166       0x20 zephyr/kernel/libkernel.a(sched.c.obj)
                0x0000000000009166                z_ready_thread
 .text.z_impl_k_thread_suspend
                0x0000000000009186       0x36 zephyr/kernel/libkernel.a(sched.c.obj)
                0x0000000000009186                z_impl_k_thread_suspend
 .text.z_unpend_thread_no_timeout
                0x00000000000091bc       0x24 zephyr/kernel/libkernel.a(sched.c.obj)
                0x00000000000091bc                z_unpend_thread_no_timeout
 .text.z_sched_wake_thread
                0x00000000000091e0       0x44 zephyr/kernel/libkernel.a(sched.c.obj)
                0x00000000000091e0                z_sched_wake_thread
 .text.z_thread_timeout
                0x0000000000009224        0x8 zephyr/kernel/libkernel.a(sched.c.obj)
                0x0000000000009224                z_thread_timeout
 .text.z_unpend1_no_timeout
                0x000000000000922c       0x2e zephyr/kernel/libkernel.a(sched.c.obj)
                0x000000000000922c                z_unpend1_no_timeout
 .text.z_unpend_first_thread
                0x000000000000925a       0x38 zephyr/kernel/libkernel.a(sched.c.obj)
                0x000000000000925a                z_unpend_first_thread
 .text.z_reschedule_irqlock
                0x0000000000009292       0x18 zephyr/kernel/libkernel.a(sched.c.obj)
                0x0000000000009292                z_reschedule_irqlock
 .text.z_reschedule_unlocked
                0x00000000000092aa       0x14 zephyr/kernel/libkernel.a(sched.c.obj)
 .text.z_thread_abort
                0x00000000000092be       0x42 zephyr/kernel/libkernel.a(sched.c.obj)
                0x00000000000092be                z_thread_abort
 .text.z_abort_timeout
                0x0000000000009300       0x2c zephyr/kernel/libkernel.a(timeout.c.obj)
                0x0000000000009300                z_abort_timeout
 .text.sys_clock_tick_get_32
                0x000000000000932c        0x8 zephyr/kernel/libkernel.a(timeout.c.obj)
                0x000000000000932c                sys_clock_tick_get_32
 .text.z_impl_k_uptime_ticks
                0x0000000000009334        0x4 zephyr/kernel/libkernel.a(timeout.c.obj)
                0x0000000000009334                z_impl_k_uptime_ticks
 .text.k_timer_init
                0x0000000000009338       0x18 zephyr/kernel/libkernel.a(timer.c.obj)
                0x0000000000009338                k_timer_init
 .text.z_impl_k_timer_stop
                0x0000000000009350       0x3a zephyr/kernel/libkernel.a(timer.c.obj)
                0x0000000000009350                z_impl_k_timer_stop
 .text.k_heap_init
                0x000000000000938a       0x10 zephyr/kernel/libkernel.a(kheap.c.obj)
                0x000000000000938a                k_heap_init
 .text.strnlen  0x000000000000939a       0x18 /home/andre/ncs/toolchains/2be090971e/opt/zephyr-sdk/arm-zephyr-eabi/bin/../lib/gcc/../../picolibc/arm-zephyr-eabi/lib/thumb/v7e-m/nofp/libc.a(libc_string_strnlen.c.o)
                0x000000000000939a                strnlen
 .text.__ultoa_invert
                0x00000000000093b2       0xae /home/andre/ncs/toolchains/2be090971e/opt/zephyr-sdk/arm-zephyr-eabi/bin/../lib/gcc/../../picolibc/arm-zephyr-eabi/lib/thumb/v7e-m/nofp/libc.a(libc_tinystdio_vflprintf.c.o)
 .text.memcpy   0x0000000000009460       0x1c /home/andre/ncs/toolchains/2be090971e/opt/zephyr-sdk/arm-zephyr-eabi/bin/../lib/gcc/../../picolibc/arm-zephyr-eabi/lib/thumb/v7e-m/nofp/libc.a(memcpy.c.o)
                0x0000000000009460                memcpy
                0x0000000000009460                __aeabi_memcpy
                0x0000000000009460                __aeabi_memcpy4
                0x0000000000009460                __aeabi_memcpy8
 .text.memmove  0x000000000000947c       0x34 /home/andre/ncs/toolchains/2be090971e/opt/zephyr-sdk/arm-zephyr-eabi/bin/../lib/gcc/../../picolibc/arm-zephyr-eabi/lib/thumb/v7e-m/nofp/libc.a(memmove.c.o)
                0x000000000000947c                memmove
                0x000000000000947c                __aeabi_memmove8
                0x000000000000947c                __aeabi_memmove
                0x000000000000947c                __aeabi_memmove4
 .text.memset   0x00000000000094b0       0x10 /home/andre/ncs/toolchains/2be090971e/opt/zephyr-sdk/arm-zephyr-eabi/bin/../lib/gcc/../../picolibc/arm-zephyr-eabi/lib/thumb/v7e-m/nofp/libc.a(memset.c.o)
                0x00000000000094b0                memset
 .text.__file_str_put
                0x00000000000094c0       0x10 /home/andre/ncs/toolchains/2be090971e/opt/zephyr-sdk/arm-zephyr-eabi/bin/../lib/gcc/../../picolibc/arm-zephyr-eabi/lib/thumb/v7e-m/nofp/libc.a(libc_tinystdio_filestrput.c.o)
                0x00000000000094c0                __file_str_put
 *(SORT_BY_ALIGNMENT(.TEXT.*))
 .TEXT.__aeabi_read_tp
                0x00000000000094d0        0xc zephyr/arch/arch/arm/core/cortex_m/libarch__arm__core__cortex_m.a(__aeabi_read_tp.S.obj)
                0x00000000000094d0                __aeabi_read_tp
 *(SORT_BY_ALIGNMENT(.gnu.linkonce.t.*))
 *(SORT_BY_ALIGNMENT(.glue_7t))
 .glue_7t       0x00000000000094dc        0x0 linker stubs
 *(SORT_BY_ALIGNMENT(.glue_7))
 .glue_7        0x00000000000094dc        0x0 linker stubs
 *(SORT_BY_ALIGNMENT(.vfp11_veneer))
 .vfp11_veneer  0x00000000000094dc        0x0 linker stubs
 *(SORT_BY_ALIGNMENT(.v4_bx))
 .v4_bx         0x00000000000094dc        0x0 linker stubs
                0x00000000000094dc                . = ALIGN (0x4)
                0x00000000000094dc                __text_region_end = .

.ARM.exidx      0x00000000000094dc        0x8
                0x00000000000094dc                __exidx_start = .
 *(SORT_BY_ALIGNMENT(.ARM.exidx*) SORT_BY_ALIGNMENT(gnu.linkonce.armexidx.*))
 .ARM.exidx     0x00000000000094dc        0x8 /home/andre/ncs/toolchains/2be090971e/opt/zephyr-sdk/arm-zephyr-eabi/bin/../lib/gcc/arm-zephyr-eabi/12.2.0/thumb/v7e-m/nofp/libgcc.a(_udivmoddi4.o)
 .ARM.exidx     0x00000000000094e4        0x0 /home/andre/ncs/toolchains/2be090971e/opt/zephyr-sdk/arm-zephyr-eabi/bin/../lib/gcc/../../picolibc/arm-zephyr-eabi/lib/thumb/v7e-m/nofp/libc.a(strlen.S.o)
                                          0x8 (size before relaxing)
                0x00000000000094e4                __exidx_end = .
                0x00000000000094e4                __rodata_region_start = .

initlevel       0x00000000000094e4       0x80
                0x00000000000094e4                __init_start = .
                0x00000000000094e4                __init_EARLY_start = .
 *(SORT_BY_NAME(SORT_BY_ALIGNMENT(.z_init_EARLY?_*)))
 *(SORT_BY_NAME(SORT_BY_ALIGNMENT(.z_init_EARLY??_*)))
                0x00000000000094e4                __init_PRE_KERNEL_1_start = .
 *(SORT_BY_NAME(SORT_BY_ALIGNMENT(.z_init_PRE_KERNEL_1?_*)))
 .z_init_PRE_KERNEL_10_0_
                0x00000000000094e4        0x8 zephyr/soc/soc/arm/nordic_nrf/libsoc__arm__nordic_nrf.a(soc.c.obj)
 *(SORT_BY_NAME(SORT_BY_ALIGNMENT(.z_init_PRE_KERNEL_1??_*)))
 .z_init_PRE_KERNEL_130_00075_
                0x00000000000094ec        0x8 zephyr/drivers/clock_control/libdrivers__clock_control.a(clock_control_nrf.c.obj)
 .z_init_PRE_KERNEL_130_0_
                0x00000000000094f4        0x8 modules/segger/libmodules__segger.a(SEGGER_RTT_zephyr.c.obj)
 .z_init_PRE_KERNEL_130_0_
                0x00000000000094fc        0x8 zephyr/kernel/libkernel.a(mem_slab.c.obj)
 .z_init_PRE_KERNEL_130_0_
                0x0000000000009504        0x8 zephyr/kernel/libkernel.a(kheap.c.obj)
 .z_init_PRE_KERNEL_140_00011_
                0x000000000000950c        0x8 zephyr/drivers/gpio/libdrivers__gpio.a(gpio_nrfx.c.obj)
 .z_init_PRE_KERNEL_140_00105_
                0x0000000000009514        0x8 zephyr/drivers/gpio/libdrivers__gpio.a(gpio_nrfx.c.obj)
 .z_init_PRE_KERNEL_140_0_
                0x000000000000951c        0x8 modules/nrf/drivers/hw_cc3xx/lib..__nrf__drivers__hw_cc3xx.a(hw_cc3xx.c.obj)
 .z_init_PRE_KERNEL_150_00077_
                0x0000000000009524        0x8 zephyr/drivers/entropy/libdrivers__entropy.a(entropy_cc3xx.c.obj)
 .z_init_PRE_KERNEL_150_00098_
                0x000000000000952c        0x8 zephyr/drivers/entropy/libdrivers__entropy.a(entropy_nrf5.c.obj)
 .z_init_PRE_KERNEL_155_00113_
                0x0000000000009534        0x8 zephyr/drivers/serial/libdrivers__serial.a(uart_nrfx_uarte.c.obj)
 .z_init_PRE_KERNEL_160_0_
                0x000000000000953c        0x8 zephyr/drivers/console/libdrivers__console.a(uart_console.c.obj)
                0x0000000000009544                __init_PRE_KERNEL_2_start = .
 *(SORT_BY_NAME(SORT_BY_ALIGNMENT(.z_init_PRE_KERNEL_2?_*)))
 .z_init_PRE_KERNEL_20_0_
                0x0000000000009544        0x8 zephyr/drivers/timer/libdrivers__timer.a(nrf_rtc_timer.c.obj)
 *(SORT_BY_NAME(SORT_BY_ALIGNMENT(.z_init_PRE_KERNEL_2??_*)))
                0x000000000000954c                __init_POST_KERNEL_start = .
 *(SORT_BY_NAME(SORT_BY_ALIGNMENT(.z_init_POST_KERNEL?_*)))
 *(SORT_BY_NAME(SORT_BY_ALIGNMENT(.z_init_POST_KERNEL??_*)))
 .z_init_POST_KERNEL40_0_
                0x000000000000954c        0x8 zephyr/lib/libc/common/liblib__libc__common.a(malloc.c.obj)
 .z_init_POST_KERNEL40_0_
                0x0000000000009554        0x8 modules/nrf/drivers/hw_cc3xx/lib..__nrf__drivers__hw_cc3xx.a(hw_cc3xx.c.obj)
 .z_init_POST_KERNEL50_00073_
                0x000000000000955c        0x8 zephyr/drivers/adc/libdrivers__adc.a(adc_nrfx_saadc.c.obj)
                0x0000000000009564                __init_APPLICATION_start = .
 *(SORT_BY_NAME(SORT_BY_ALIGNMENT(.z_init_APPLICATION?_*)))
 *(SORT_BY_NAME(SORT_BY_ALIGNMENT(.z_init_APPLICATION??_*)))
                0x0000000000009564                __init_SMP_start = .
 *(SORT_BY_NAME(SORT_BY_ALIGNMENT(.z_init_SMP?_*)))
 *(SORT_BY_NAME(SORT_BY_ALIGNMENT(.z_init_SMP??_*)))
                0x0000000000009564                __init_end = .

device_area     0x0000000000009564       0x8c
                0x0000000000009564                _device_list_start = .
 *(SORT_BY_NAME(SORT_BY_ALIGNMENT(._device.static.*_?_*)))
 *(SORT_BY_NAME(SORT_BY_ALIGNMENT(._device.static.*_??_*)))
 ._device.static.1_30_
                0x0000000000009564       0x14 zephyr/drivers/clock_control/libdrivers__clock_control.a(clock_control_nrf.c.obj)
                0x0000000000009564                __device_dts_ord_75
 ._device.static.1_40_
                0x0000000000009578       0x28 zephyr/drivers/gpio/libdrivers__gpio.a(gpio_nrfx.c.obj)
                0x0000000000009578                __device_dts_ord_105
                0x000000000000958c                __device_dts_ord_11
 ._device.static.1_50_
                0x00000000000095a0       0x14 zephyr/drivers/entropy/libdrivers__entropy.a(entropy_nrf5.c.obj)
                0x00000000000095a0                __device_dts_ord_98
 ._device.static.1_50_
                0x00000000000095b4       0x14 zephyr/drivers/entropy/libdrivers__entropy.a(entropy_cc3xx.c.obj)
                0x00000000000095b4                __device_dts_ord_77
 ._device.static.1_55_
                0x00000000000095c8       0x14 zephyr/drivers/serial/libdrivers__serial.a(uart_nrfx_uarte.c.obj)
                0x00000000000095c8                __device_dts_ord_113
 ._device.static.3_50_
                0x00000000000095dc       0x14 zephyr/drivers/adc/libdrivers__adc.a(adc_nrfx_saadc.c.obj)
                0x00000000000095dc                __device_dts_ord_73
                0x00000000000095f0                _device_list_end = .

sw_isr_table    0x00000000000095f0      0x180
                0x00000000000095f0                . = ALIGN (0x4)
 *(SORT_BY_ALIGNMENT(.gnu.linkonce.sw_isr_table*))
 .gnu.linkonce.sw_isr_table
                0x00000000000095f0      0x180 zephyr/CMakeFiles/zephyr_final.dir/isr_tables.c.obj
                0x00000000000095f0                _sw_isr_table

initlevel_error
                0x00000000000094e4        0x0
 *(SORT_BY_NAME(SORT_BY_ALIGNMENT(.z_init_[_A-Z0-9]*)))
                0x0000000000000001                ASSERT ((SIZEOF (initlevel_error) == 0x0), Undefined initialization levels used.)

app_shmem_regions
                0x0000000000009770        0x0
                0x0000000000009770                __app_shmem_regions_start = .
 *(SORT_BY_NAME(SORT_BY_ALIGNMENT(.app_regions.*)))
                0x0000000000009770                __app_shmem_regions_end = .

k_p4wq_initparam_area
                0x0000000000009770        0x0
                0x0000000000009770                _k_p4wq_initparam_list_start = .
 *(SORT_BY_NAME(SORT_BY_ALIGNMENT(._k_p4wq_initparam.static.*)))
                0x0000000000009770                _k_p4wq_initparam_list_end = .

_static_thread_data_area
                0x0000000000009770       0x60
                0x0000000000009770                __static_thread_data_list_start = .
 *(SORT_BY_NAME(SORT_BY_ALIGNMENT(.__static_thread_data.static.*)))
 .__static_thread_data.static._k_thread_data_button_tid_
                0x0000000000009770       0x30 app/libapp.a(main.c.obj)
                0x0000000000009770                _k_thread_data_button_tid
 .__static_thread_data.static._k_thread_data_led_tid_
                0x00000000000097a0       0x30 app/libapp.a(main.c.obj)
                0x00000000000097a0                _k_thread_data_led_tid
                0x00000000000097d0                __static_thread_data_list_end = .

device_deps     0x00000000000097d0        0x0
                0x00000000000097d0                __device_deps_start = .
 *(SORT_BY_NAME(SORT_BY_ALIGNMENT(.__device_deps_pass2*)))
                0x00000000000097d0                __device_deps_end = .
